Archive member included because of file (symbol)

c:/altera/12.1sp1/nios2eds/bin/gnu/h-i686-mingw32/bin/../lib/gcc/nios2-elf/4.1.2/mno-hw-mul\libgcc.a(lib2-divmod.o)
                              obj/default/tcb.o (__umodsi3)
c:/altera/12.1sp1/nios2eds/bin/gnu/h-i686-mingw32/bin/../lib/gcc/nios2-elf/4.1.2/mno-hw-mul\libgcc.a(lib2-mul.o)
                              obj/default/tcb.o (__mulsi3)
c:/altera/12.1sp1/nios2eds/bin/gnu/h-i686-mingw32/bin/../lib/gcc/nios2-elf/4.1.2/../../../../nios2-elf/lib/mno-hw-mul\libc.a(lib_a-malloc.o)
                              obj/default/tcb.o (malloc)
c:/altera/12.1sp1/nios2eds/bin/gnu/h-i686-mingw32/bin/../lib/gcc/nios2-elf/4.1.2/../../../../nios2-elf/lib/mno-hw-mul\libc.a(lib_a-mallocr.o)
                              c:/altera/12.1sp1/nios2eds/bin/gnu/h-i686-mingw32/bin/../lib/gcc/nios2-elf/4.1.2/../../../../nios2-elf/lib/mno-hw-mul\libc.a(lib_a-malloc.o) (_malloc_r)
c:/altera/12.1sp1/nios2eds/bin/gnu/h-i686-mingw32/bin/../lib/gcc/nios2-elf/4.1.2/../../../../nios2-elf/lib/mno-hw-mul\libc.a(lib_a-printf.o)
                              obj/default/alarm_handler.o (printf)
c:/altera/12.1sp1/nios2eds/bin/gnu/h-i686-mingw32/bin/../lib/gcc/nios2-elf/4.1.2/../../../../nios2-elf/lib/mno-hw-mul\libc.a(lib_a-puts.o)
                              obj/default/alarm_handler.o (puts)
c:/altera/12.1sp1/nios2eds/bin/gnu/h-i686-mingw32/bin/../lib/gcc/nios2-elf/4.1.2/../../../../nios2-elf/lib/mno-hw-mul\libc.a(lib_a-sbrkr.o)
                              c:/altera/12.1sp1/nios2eds/bin/gnu/h-i686-mingw32/bin/../lib/gcc/nios2-elf/4.1.2/../../../../nios2-elf/lib/mno-hw-mul\libc.a(lib_a-mallocr.o) (_sbrk_r)
c:/altera/12.1sp1/nios2eds/bin/gnu/h-i686-mingw32/bin/../lib/gcc/nios2-elf/4.1.2/../../../../nios2-elf/lib/mno-hw-mul\libc.a(lib_a-strlen.o)
                              c:/altera/12.1sp1/nios2eds/bin/gnu/h-i686-mingw32/bin/../lib/gcc/nios2-elf/4.1.2/../../../../nios2-elf/lib/mno-hw-mul\libc.a(lib_a-puts.o) (strlen)
c:/altera/12.1sp1/nios2eds/bin/gnu/h-i686-mingw32/bin/../lib/gcc/nios2-elf/4.1.2/../../../../nios2-elf/lib/mno-hw-mul\libc.a(lib_a-vfprintf.o)
                              c:/altera/12.1sp1/nios2eds/bin/gnu/h-i686-mingw32/bin/../lib/gcc/nios2-elf/4.1.2/../../../../nios2-elf/lib/mno-hw-mul\libc.a(lib_a-printf.o) (___vfprintf_internal_r)
c:/altera/12.1sp1/nios2eds/bin/gnu/h-i686-mingw32/bin/../lib/gcc/nios2-elf/4.1.2/../../../../nios2-elf/lib/mno-hw-mul\libc.a(lib_a-wsetup.o)
                              c:/altera/12.1sp1/nios2eds/bin/gnu/h-i686-mingw32/bin/../lib/gcc/nios2-elf/4.1.2/../../../../nios2-elf/lib/mno-hw-mul\libc.a(lib_a-vfprintf.o) (__swsetup_r)
c:/altera/12.1sp1/nios2eds/bin/gnu/h-i686-mingw32/bin/../lib/gcc/nios2-elf/4.1.2/../../../../nios2-elf/lib/mno-hw-mul\libc.a(lib_a-dtoa.o)
                              c:/altera/12.1sp1/nios2eds/bin/gnu/h-i686-mingw32/bin/../lib/gcc/nios2-elf/4.1.2/../../../../nios2-elf/lib/mno-hw-mul\libc.a(lib_a-vfprintf.o) (_dtoa_r)
c:/altera/12.1sp1/nios2eds/bin/gnu/h-i686-mingw32/bin/../lib/gcc/nios2-elf/4.1.2/../../../../nios2-elf/lib/mno-hw-mul\libc.a(lib_a-fflush.o)
                              c:/altera/12.1sp1/nios2eds/bin/gnu/h-i686-mingw32/bin/../lib/gcc/nios2-elf/4.1.2/../../../../nios2-elf/lib/mno-hw-mul\libc.a(lib_a-vfprintf.o) (_fflush_r)
c:/altera/12.1sp1/nios2eds/bin/gnu/h-i686-mingw32/bin/../lib/gcc/nios2-elf/4.1.2/../../../../nios2-elf/lib/mno-hw-mul\libc.a(lib_a-findfp.o)
                              c:/altera/12.1sp1/nios2eds/bin/gnu/h-i686-mingw32/bin/../lib/gcc/nios2-elf/4.1.2/../../../../nios2-elf/lib/mno-hw-mul\libc.a(lib_a-vfprintf.o) (__sinit)
c:/altera/12.1sp1/nios2eds/bin/gnu/h-i686-mingw32/bin/../lib/gcc/nios2-elf/4.1.2/../../../../nios2-elf/lib/mno-hw-mul\libc.a(lib_a-freer.o)
                              c:/altera/12.1sp1/nios2eds/bin/gnu/h-i686-mingw32/bin/../lib/gcc/nios2-elf/4.1.2/../../../../nios2-elf/lib/mno-hw-mul\libc.a(lib_a-malloc.o) (_free_r)
c:/altera/12.1sp1/nios2eds/bin/gnu/h-i686-mingw32/bin/../lib/gcc/nios2-elf/4.1.2/../../../../nios2-elf/lib/mno-hw-mul\libc.a(lib_a-fvwrite.o)
                              c:/altera/12.1sp1/nios2eds/bin/gnu/h-i686-mingw32/bin/../lib/gcc/nios2-elf/4.1.2/../../../../nios2-elf/lib/mno-hw-mul\libc.a(lib_a-puts.o) (__sfvwrite_r)
c:/altera/12.1sp1/nios2eds/bin/gnu/h-i686-mingw32/bin/../lib/gcc/nios2-elf/4.1.2/../../../../nios2-elf/lib/mno-hw-mul\libc.a(lib_a-fwalk.o)
                              c:/altera/12.1sp1/nios2eds/bin/gnu/h-i686-mingw32/bin/../lib/gcc/nios2-elf/4.1.2/../../../../nios2-elf/lib/mno-hw-mul\libc.a(lib_a-fflush.o) (_fwalk_reent)
c:/altera/12.1sp1/nios2eds/bin/gnu/h-i686-mingw32/bin/../lib/gcc/nios2-elf/4.1.2/../../../../nios2-elf/lib/mno-hw-mul\libc.a(lib_a-impure.o)
                              c:/altera/12.1sp1/nios2eds/bin/gnu/h-i686-mingw32/bin/../lib/gcc/nios2-elf/4.1.2/../../../../nios2-elf/lib/mno-hw-mul\libc.a(lib_a-malloc.o) (_impure_ptr)
[...]
Memory Configuration

Name             Origin             Length             Attributes
reset            0x00000000         0x00000020
SDRAM            0x00000020         0x007fffe0
SRAM             0x08000000         0x00080000
Onchip_memory    0x09000000         0x00002000
*default*        0x00000000         0xffffffff

Linker script and memory map

LOAD C:/Users/abschmidt/workspace/ProjectOne_bsp//obj/HAL/src/crt0.o
LOAD obj/default/alarm_handler.o
LOAD obj/default/project1.o
LOAD obj/default/tcb.o
LOAD obj/default/alt_edit.o
LOAD c:/altera/12.1sp1/nios2eds/bin/gnu/h-i686-mingw32/bin/../lib/gcc/nios2-elf/4.1.2/../../../../nios2-elf/lib/mno-hw-mul\libstdc++.a
LOAD c:/altera/12.1sp1/nios2eds/bin/gnu/h-i686-mingw32/bin/../lib/gcc/nios2-elf/4.1.2/../../../../nios2-elf/lib/mno-hw-mul\libm.a
LOAD c:/altera/12.1sp1/nios2eds/bin/gnu/h-i686-mingw32/bin/../lib/gcc/nios2-elf/4.1.2/mno-hw-mul\libgcc.a
START GROUP
LOAD c:/altera/12.1sp1/nios2eds/bin/gnu/h-i686-mingw32/bin/../lib/gcc/nios2-elf/4.1.2/../../../../nios2-elf/lib/mno-hw-mul\libc.a
LOAD c:/altera/12.1sp1/nios2eds/bin/gnu/h-i686-mingw32/bin/../lib/gcc/nios2-elf/4.1.2/mno-hw-mul\libgcc.a
LOAD C:/Users/abschmidt/workspace/ProjectOne_bsp/\libhal_bsp.a
END GROUP
LOAD c:/altera/12.1sp1/nios2eds/bin/gnu/h-i686-mingw32/bin/../lib/gcc/nios2-elf/4.1.2/mno-hw-mul\libgcc.a
                0x00000000                __alt_mem_SDRAM = 0x0
                0x08000000                __alt_mem_SRAM = 0x8000000
                0x09000000                __alt_mem_Onchip_memory = 0x9000000

.entry          0x00000000       0x20
 *(.entry)
 .entry         0x00000000       0x20 C:/Users/abschmidt/workspace/ProjectOne_bsp//obj/HAL/src/crt0.o
                0x00000000                __reset

.exceptions     0x00000020      0x1b0
                0x00000020                PROVIDE (__ram_exceptions_start, ABSOLUTE (.))
                0x00000020                . = ALIGN (0x20)
 *(.irq)
 *(.exceptions.entry.label)
 .exceptions.entry.label
                0x00000020        0x0 C:/Users/abschmidt/workspace/ProjectOne_bsp/\libhal_bsp.a(alt_irq_entry.o)
                0x00000020                alt_irq_entry
 .exceptions.entry.label
                0x00000020        0x0 C:/Users/abschmidt/workspace/ProjectOne_bsp/\libhal_bsp.a(alt_exception_entry.o)
                0x00000020                alt_exception
 *(.exceptions.entry.user)
 *(.exceptions.entry)
 .exceptions.entry
                0x00000020       0x54 C:/Users/abschmidt/workspace/ProjectOne_bsp/\libhal_bsp.a(alt_exception_entry.o)
 *(.exceptions.irqtest.user)
 *(.exceptions.irqtest)
 .exceptions.irqtest
                0x00000074       0x10 C:/Users/abschmidt/workspace/ProjectOne_bsp/\libhal_bsp.a(alt_irq_entry.o)
 *(.exceptions.irqhandler.user)
 *(.exceptions.irqhandler)
 .exceptions.irqhandler
                0x00000084        0x4 C:/Users/abschmidt/workspace/ProjectOne_bsp/\libhal_bsp.a(alt_irq_entry.o)
 *(.exceptions.irqreturn.user)
 *(.exceptions.irqreturn)
 .exceptions.irqreturn
                0x00000088        0x4 C:/Users/abschmidt/workspace/ProjectOne_bsp/\libhal_bsp.a(alt_irq_entry.o)
 *(.exceptions.notirq.label)
 .exceptions.notirq.label
                0x0000008c        0x0 C:/Users/abschmidt/workspace/ProjectOne_bsp/\libhal_bsp.a(alt_irq_entry.o)
 *(.exceptions.notirq.user)
 *(.exceptions.notirq)
 .exceptions.notirq
                0x0000008c        0x8 C:/Users/abschmidt/workspace/ProjectOne_bsp/\libhal_bsp.a(alt_exception_entry.o)
 *(.exceptions.soft.user)
 *(.exceptions.soft)
 *(.exceptions.unknown.user)
 *(.exceptions.unknown)
 .exceptions.unknown
                0x00000094        0x4 C:/Users/abschmidt/workspace/ProjectOne_bsp/\libhal_bsp.a(alt_exception_entry.o)
 *(.exceptions.exit.label)
 .exceptions.exit.label
                0x00000098        0x0 C:/Users/abschmidt/workspace/ProjectOne_bsp/\libhal_bsp.a(alt_irq_entry.o)
 .exceptions.exit.label
                0x00000098        0x0 C:/Users/abschmidt/workspace/ProjectOne_bsp/\libhal_bsp.a(alt_exception_entry.o)
 *(.exceptions.exit.user)
 .exceptions.exit.user
                0x00000098       0x1c obj/default/alt_edit.o
 *(.exceptions.exit)
 .exceptions.exit
                0x000000b4       0x54 C:/Users/abschmidt/workspace/ProjectOne_bsp/\libhal_bsp.a(alt_exception_entry.o)
 *(.exceptions)
 .exceptions    0x00000108       0xc8 C:/Users/abschmidt/workspace/ProjectOne_bsp/\libhal_bsp.a(alt_irq_handler.o)
                0x00000108                alt_irq_handler
                0x000001d0                PROVIDE (__ram_exceptions_end, ABSOLUTE (.))
                0x00000020                PROVIDE (__flash_exceptions_start, LOADADDR (.exceptions))

.text           0x000001d0     0xd3f0
                0x000001d0                PROVIDE (stext, ABSOLUTE (.))
 *(.interp)
 *(.hash)
 *(.dynsym)
 *(.dynstr)
 *(.gnu.version)
 *(.gnu.version_d)
 *(.gnu.version_r)
 *(.rel.init)
 *(.rela.init)
 *(.rel.text .rel.text.* .rel.gnu.linkonce.t.*)
 *(.rela.text .rela.text.* .rela.gnu.linkonce.t.*)
 *(.rel.fini)
 *(.rela.fini)
 *(.rel.rodata .rel.rodata.* .rel.gnu.linkonce.r.*)
 *(.rela.rodata .rela.rodata.* .rela.gnu.linkonce.r.*)
 *(.rel.data .rel.data.* .rel.gnu.linkonce.d.*)
 *(.rela.data .rela.data.* .rela.gnu.linkonce.d.*)
 *(.rel.tdata .rel.tdata.* .rel.gnu.linkonce.td.*)
 *(.rela.tdata .rela.tdata.* .rela.gnu.linkonce.td.*)
 *(.rel.tbss .rel.tbss.* .rel.gnu.linkonce.tb.*)
 *(.rela.tbss .rela.tbss.* .rela.gnu.linkonce.tb.*)
 *(.rel.ctors)
 *(.rela.ctors)
 *(.rel.dtors)
 *(.rela.dtors)
 *(.rel.got)
 *(.rela.got)
 *(.rel.sdata .rel.sdata.* .rel.gnu.linkonce.s.*)
 *(.rela.sdata .rela.sdata.* .rela.gnu.linkonce.s.*)
 *(.rel.sbss .rel.sbss.* .rel.gnu.linkonce.sb.*)
 *(.rela.sbss .rela.sbss.* .rela.gnu.linkonce.sb.*)
 *(.rel.sdata2 .rel.sdata2.* .rel.gnu.linkonce.s2.*)
 *(.rela.sdata2 .rela.sdata2.* .rela.gnu.linkonce.s2.*)
 *(.rel.sbss2 .rel.sbss2.* .rel.gnu.linkonce.sb2.*)
 *(.rela.sbss2 .rela.sbss2.* .rela.gnu.linkonce.sb2.*)
 *(.rel.bss .rel.bss.* .rel.gnu.linkonce.b.*)
 *(.rela.bss .rela.bss.* .rela.gnu.linkonce.b.*)
 *(.rel.plt)
 *(.rela.plt)
 *(.rel.dyn)
 *(.init)
 *(.plt)
 *(.text .stub .text.* .gnu.linkonce.t.*)
 .text          0x000001d0       0x3c C:/Users/abschmidt/workspace/ProjectOne_bsp//obj/HAL/src/crt0.o
                0x000001d0                _start
 .text          0x0000020c      0x104 obj/default/alarm_handler.o
                0x0000020c                my_interrupt_handler
                0x0000024c                initialize_alarm
                0x000002ac                reset_alarm
 .text          0x00000310      0x124 obj/default/project1.o
                0x00000310                main
                0x000003f4                prototype_os
 .text          0x00000434      0x6e8 obj/default/tcb.o
                0x00000434                check_interrupt
                0x0000045c                my_thread
                0x000004bc                join_thread
                0x00000514                destroy_thread
                0x00000580                initialize_thread
                0x00000814                my_scheduler
 .text          0x00000b1c        0x0 obj/default/alt_edit.o
 .text          0x00000b1c      0x14c c:/altera/12.1sp1/nios2eds/bin/gnu/h-i686-mingw32/bin/../lib/gcc/nios2-elf/4.1.2/mno-hw-mul\libgcc.a(lib2-divmod.o)
                0x00000b98                __divsi3
                0x00000bf8                __modsi3
                0x00000c58                __udivsi3
                0x00000c60                __umodsi3
 .text          0x00000c68       0x38 c:/altera/12.1sp1/nios2eds/bin/gnu/h-i686-mingw32/bin/../lib/gcc/nios2-elf/4.1.2/mno-hw-mul\libgcc.a(lib2-mul.o)
                0x00000c68                __mulsi3
 .text          0x00000ca0       0x28 c:/altera/12.1sp1/nios2eds/bin/gnu/h-i686-mingw32/bin/../lib/gcc/nios2-elf/4.1.2/../../../../nios2-elf/lib/mno-hw-mul\libc.a(lib_a-malloc.o)
                0x00000ca0                free
                0x00000cb4                malloc
 .text          0x00000cc8      0x740 c:/altera/12.1sp1/nios2eds/bin/gnu/h-i686-mingw32/bin/../lib/gcc/nios2-elf/4.1.2/../../../../nios2-elf/lib/mno-hw-mul\libc.a(lib_a-mallocr.o)
                0x00000cc8                _malloc_r
 .text          0x00001408       0x78 c:/altera/12.1sp1/nios2eds/bin/gnu/h-i686-mingw32/bin/../lib/gcc/nios2-elf/4.1.2/../../../../nios2-elf/lib/mno-hw-mul\libc.a(lib_a-printf.o)
                0x00001408                printf
                0x0000144c                _printf_r
 .text          0x00001480       0xb4 c:/altera/12.1sp1/nios2eds/bin/gnu/h-i686-mingw32/bin/../lib/gcc/nios2-elf/4.1.2/../../../../nios2-elf/lib/mno-hw-mul\libc.a(lib_a-puts.o)
                0x00001480                _puts_r
                0x00001520                puts
 .text          0x00001534       0x70 c:/altera/12.1sp1/nios2eds/bin/gnu/h-i686-mingw32/bin/../lib/gcc/nios2-elf/4.1.2/../../../../nios2-elf/lib/mno-hw-mul\libc.a(lib_a-sbrkr.o)
                0x00001534                _sbrk_r
 .text          0x000015a4       0x74 c:/altera/12.1sp1/nios2eds/bin/gnu/h-i686-mingw32/bin/../lib/gcc/nios2-elf/4.1.2/../../../../nios2-elf/lib/mno-hw-mul\libc.a(lib_a-strlen.o)
                0x000015a4                strlen
 .text          0x00001618     0x1f40 c:/altera/12.1sp1/nios2eds/bin/gnu/h-i686-mingw32/bin/../lib/gcc/nios2-elf/4.1.2/../../../../nios2-elf/lib/mno-hw-mul\libc.a(lib_a-vfprintf.o)
                0x00001670                ___vfprintf_internal_r
                0x00003534                __vfprintf_internal
 .text          0x00003558      0x13c c:/altera/12.1sp1/nios2eds/bin/gnu/h-i686-mingw32/bin/../lib/gcc/nios2-elf/4.1.2/../../../../nios2-elf/lib/mno-hw-mul\libc.a(lib_a-wsetup.o)
                0x00003558                __swsetup_r
 .text          0x00003694     0x17f8 c:/altera/12.1sp1/nios2eds/bin/gnu/h-i686-mingw32/bin/../lib/gcc/nios2-elf/4.1.2/../../../../nios2-elf/lib/mno-hw-mul\libc.a(lib_a-dtoa.o)
                0x000038d8                _dtoa_r
 .text          0x00004e8c      0x230 c:/altera/12.1sp1/nios2eds/bin/gnu/h-i686-mingw32/bin/../lib/gcc/nios2-elf/4.1.2/../../../../nios2-elf/lib/mno-hw-mul\libc.a(lib_a-fflush.o)
                0x00004e8c                _fflush_r
                0x00005088                fflush
 .text          0x000050bc      0x2f4 c:/altera/12.1sp1/nios2eds/bin/gnu/h-i686-mingw32/bin/../lib/gcc/nios2-elf/4.1.2/../../../../nios2-elf/lib/mno-hw-mul\libc.a(lib_a-findfp.o)
                0x00005114                __sfp_lock_acquire
                0x00005118                __sfp_lock_release
                0x0000511c                __sinit_lock_acquire
                0x00005120                __sinit_lock_release
                0x00005124                __sinit
                0x000051d8                __fp_unlock_all
                0x000051f0                __fp_lock_all
                0x00005208                _cleanup_r
                0x00005214                _cleanup
                0x00005224                __sfmoreglue
                0x000052c0                __sfp
 .text          0x000053b0      0x440 c:/altera/12.1sp1/nios2eds/bin/gnu/h-i686-mingw32/bin/../lib/gcc/nios2-elf/4.1.2/../../../../nios2-elf/lib/mno-hw-mul\libc.a(lib_a-freer.o)
                0x000053b0                _malloc_trim_r
                0x000054dc                _free_r
 .text          0x000057f0      0x49c c:/altera/12.1sp1/nios2eds/bin/gnu/h-i686-mingw32/bin/../lib/gcc/nios2-elf/4.1.2/../../../../nios2-elf/lib/mno-hw-mul\libc.a(lib_a-fvwrite.o)
                0x000057f0                __sfvwrite_r
 .text          0x00005c8c      0x180 c:/altera/12.1sp1/nios2eds/bin/gnu/h-i686-mingw32/bin/../lib/gcc/nios2-elf/4.1.2/../../../../nios2-elf/lib/mno-hw-mul\libc.a(lib_a-fwalk.o)
                0x00005c8c                _fwalk_reent
                0x00005d54                _fwalk
 .text          0x00005e0c        0x0 c:/altera/12.1sp1/nios2eds/bin/gnu/h-i686-mingw32/bin/../lib/gcc/nios2-elf/4.1.2/../../../../nios2-elf/lib/mno-hw-mul\libc.a(lib_a-impure.o)
 .text          0x00005e0c        0x0 c:/altera/12.1sp1/nios2eds/bin/gnu/h-i686-mingw32/bin/../lib/gcc/nios2-elf/4.1.2/../../../../nios2-elf/lib/mno-hw-mul\libc.a(lib_a-int_errno.o)
 .text          0x00005e0c       0xc4 c:/altera/12.1sp1/nios2eds/bin/gnu/h-i686-mingw32/bin/../lib/gcc/nios2-elf/4.1.2/../../../../nios2-elf/lib/mno-hw-mul\libc.a(lib_a-locale.o)
                0x00005e0c                __locale_charset
                0x00005e14                _localeconv_r
                0x00005e20                localeconv
                0x00005e30                _setlocale_r
                0x00005eb4                setlocale
 .text          0x00005ed0      0x194 c:/altera/12.1sp1/nios2eds/bin/gnu/h-i686-mingw32/bin/../lib/gcc/nios2-elf/4.1.2/../../../../nios2-elf/lib/mno-hw-mul\libc.a(lib_a-makebuf.o)
                0x00005ed0                __smakebuf_r
 .text          0x00006064       0xe4 c:/altera/12.1sp1/nios2eds/bin/gnu/h-i686-mingw32/bin/../lib/gcc/nios2-elf/4.1.2/../../../../nios2-elf/lib/mno-hw-mul\libc.a(lib_a-memchr.o)
                0x00006064                memchr
 .text          0x00006148       0xa0 c:/altera/12.1sp1/nios2eds/bin/gnu/h-i686-mingw32/bin/../lib/gcc/nios2-elf/4.1.2/../../../../nios2-elf/lib/mno-hw-mul\libc.a(lib_a-memcpy.o)
                0x00006148                memcpy
 .text          0x000061e8       0xe0 c:/altera/12.1sp1/nios2eds/bin/gnu/h-i686-mingw32/bin/../lib/gcc/nios2-elf/4.1.2/../../../../nios2-elf/lib/mno-hw-mul\libc.a(lib_a-memmove.o)
                0x000061e8                memmove
 .text          0x000062c8       0x98 c:/altera/12.1sp1/nios2eds/bin/gnu/h-i686-mingw32/bin/../lib/gcc/nios2-elf/4.1.2/../../../../nios2-elf/lib/mno-hw-mul\libc.a(lib_a-memset.o)
                0x000062c8                memset
 .text          0x00006360     0x108c c:/altera/12.1sp1/nios2eds/bin/gnu/h-i686-mingw32/bin/../lib/gcc/nios2-elf/4.1.2/../../../../nios2-elf/lib/mno-hw-mul\libc.a(lib_a-mprec.o)
                0x00006360                _Bfree
                0x00006388                __hi0bits
                0x000063f8                __lo0bits
                0x000064bc                __mcmp
                0x0000651c                __ulp
                0x0000659c                __b2d
                0x000066bc                __ratio
                0x0000676c                _mprec_log10
                0x00006800                __copybits
                0x00006858                __any_on
                0x000068e0                _Balloc
                0x0000699c                __d2b
                0x00006b18                __mdiff
                0x00006ca4                __lshift
                0x00006df0                __multiply
                0x00007044                __i2b
                0x00007080                __multadd
                0x000071ac                __pow5mult
                0x000072cc                __s2b
 .text          0x000073ec      0x5f4 c:/altera/12.1sp1/nios2eds/bin/gnu/h-i686-mingw32/bin/../lib/gcc/nios2-elf/4.1.2/../../../../nios2-elf/lib/mno-hw-mul\libc.a(lib_a-reallocr.o)
                0x000073ec                _realloc_r
 .text          0x000079e0       0x40 c:/altera/12.1sp1/nios2eds/bin/gnu/h-i686-mingw32/bin/../lib/gcc/nios2-elf/4.1.2/../../../../nios2-elf/lib/mno-hw-mul\libc.a(lib_a-s_isinfd.o)
                0x000079e0                __isinfd
 .text          0x00007a20       0x30 c:/altera/12.1sp1/nios2eds/bin/gnu/h-i686-mingw32/bin/../lib/gcc/nios2-elf/4.1.2/../../../../nios2-elf/lib/mno-hw-mul\libc.a(lib_a-s_isnand.o)
                0x00007a20                __isnand
 .text          0x00007a50      0x14c c:/altera/12.1sp1/nios2eds/bin/gnu/h-i686-mingw32/bin/../lib/gcc/nios2-elf/4.1.2/../../../../nios2-elf/lib/mno-hw-mul\libc.a(lib_a-stdio.o)
                0x00007a50                __sclose
                0x00007a58                __sseek
                0x00007ac0                __swrite
                0x00007b3c                __sread
 .text          0x00007b9c       0xbc c:/altera/12.1sp1/nios2eds/bin/gnu/h-i686-mingw32/bin/../lib/gcc/nios2-elf/4.1.2/../../../../nios2-elf/lib/mno-hw-mul\libc.a(lib_a-strcmp.o)
                0x00007b9c                strcmp
 .text          0x00007c58       0x78 c:/altera/12.1sp1/nios2eds/bin/gnu/h-i686-mingw32/bin/../lib/gcc/nios2-elf/4.1.2/../../../../nios2-elf/lib/mno-hw-mul\libc.a(lib_a-writer.o)
                0x00007c58                _write_r
 .text          0x00007cd0       0xc8 c:/altera/12.1sp1/nios2eds/bin/gnu/h-i686-mingw32/bin/../lib/gcc/nios2-elf/4.1.2/../../../../nios2-elf/lib/mno-hw-mul\libc.a(lib_a-callocr.o)
                0x00007cd0                _calloc_r
 .text          0x00007d98       0x70 c:/altera/12.1sp1/nios2eds/bin/gnu/h-i686-mingw32/bin/../lib/gcc/nios2-elf/4.1.2/../../../../nios2-elf/lib/mno-hw-mul\libc.a(lib_a-closer.o)
                0x00007d98                _close_r
 .text          0x00007e08      0x124 c:/altera/12.1sp1/nios2eds/bin/gnu/h-i686-mingw32/bin/../lib/gcc/nios2-elf/4.1.2/../../../../nios2-elf/lib/mno-hw-mul\libc.a(lib_a-fclose.o)
                0x00007e08                _fclose_r
                0x00007f18                fclose
 .text          0x00007f2c       0x74 c:/altera/12.1sp1/nios2eds/bin/gnu/h-i686-mingw32/bin/../lib/gcc/nios2-elf/4.1.2/../../../../nios2-elf/lib/mno-hw-mul\libc.a(lib_a-fstatr.o)
                0x00007f2c                _fstat_r
 .text          0x00007fa0       0x70 c:/altera/12.1sp1/nios2eds/bin/gnu/h-i686-mingw32/bin/../lib/gcc/nios2-elf/4.1.2/../../../../nios2-elf/lib/mno-hw-mul\libc.a(lib_a-isattyr.o)
                0x00007fa0                _isatty_r
 .text          0x00008010       0x78 c:/altera/12.1sp1/nios2eds/bin/gnu/h-i686-mingw32/bin/../lib/gcc/nios2-elf/4.1.2/../../../../nios2-elf/lib/mno-hw-mul\libc.a(lib_a-lseekr.o)
                0x00008010                _lseek_r
 .text          0x00008088       0x78 c:/altera/12.1sp1/nios2eds/bin/gnu/h-i686-mingw32/bin/../lib/gcc/nios2-elf/4.1.2/../../../../nios2-elf/lib/mno-hw-mul\libc.a(lib_a-readr.o)
                0x00008088                _read_r
 .text          0x00008100      0x66c c:/altera/12.1sp1/nios2eds/bin/gnu/h-i686-mingw32/bin/../lib/gcc/nios2-elf/4.1.2/mno-hw-mul\libgcc.a(_udivdi3.o)
                0x00008100                __udivdi3
 .text          0x0000876c      0x660 c:/altera/12.1sp1/nios2eds/bin/gnu/h-i686-mingw32/bin/../lib/gcc/nios2-elf/4.1.2/mno-hw-mul\libgcc.a(_umoddi3.o)
                0x0000876c                __umoddi3
 .text          0x00008dcc      0x504 c:/altera/12.1sp1/nios2eds/bin/gnu/h-i686-mingw32/bin/../lib/gcc/nios2-elf/4.1.2/mno-hw-mul\libgcc.a(_addsub_df.o)
                0x000091dc                __subdf3
                0x0000925c                __adddf3
 .text          0x000092d0      0x3c4 c:/altera/12.1sp1/nios2eds/bin/gnu/h-i686-mingw32/bin/../lib/gcc/nios2-elf/4.1.2/mno-hw-mul\libgcc.a(_mul_df.o)
                0x000092d0                __muldf3
 .text          0x00009694      0x258 c:/altera/12.1sp1/nios2eds/bin/gnu/h-i686-mingw32/bin/../lib/gcc/nios2-elf/4.1.2/mno-hw-mul\libgcc.a(_div_df.o)
                0x00009694                __divdf3
 .text          0x000098ec       0x88 c:/altera/12.1sp1/nios2eds/bin/gnu/h-i686-mingw32/bin/../lib/gcc/nios2-elf/4.1.2/mno-hw-mul\libgcc.a(_eq_df.o)
                0x000098ec                __eqdf2
 .text          0x00009974       0x88 c:/altera/12.1sp1/nios2eds/bin/gnu/h-i686-mingw32/bin/../lib/gcc/nios2-elf/4.1.2/mno-hw-mul\libgcc.a(_ne_df.o)
                0x00009974                __nedf2
 .text          0x000099fc       0x88 c:/altera/12.1sp1/nios2eds/bin/gnu/h-i686-mingw32/bin/../lib/gcc/nios2-elf/4.1.2/mno-hw-mul\libgcc.a(_gt_df.o)
                0x000099fc                __gtdf2
 .text          0x00009a84       0x88 c:/altera/12.1sp1/nios2eds/bin/gnu/h-i686-mingw32/bin/../lib/gcc/nios2-elf/4.1.2/mno-hw-mul\libgcc.a(_ge_df.o)
                0x00009a84                __gedf2
 .text          0x00009b0c       0x88 c:/altera/12.1sp1/nios2eds/bin/gnu/h-i686-mingw32/bin/../lib/gcc/nios2-elf/4.1.2/mno-hw-mul\libgcc.a(_lt_df.o)
                0x00009b0c                __ltdf2
 .text          0x00009b94       0xf8 c:/altera/12.1sp1/nios2eds/bin/gnu/h-i686-mingw32/bin/../lib/gcc/nios2-elf/4.1.2/mno-hw-mul\libgcc.a(_si_to_df.o)
                0x00009b94                __floatsidf
 .text          0x00009c8c       0xd8 c:/altera/12.1sp1/nios2eds/bin/gnu/h-i686-mingw32/bin/../lib/gcc/nios2-elf/4.1.2/mno-hw-mul\libgcc.a(_df_to_si.o)
                0x00009c8c                __fixdfsi
 .text          0x00009d64        0x0 c:/altera/12.1sp1/nios2eds/bin/gnu/h-i686-mingw32/bin/../lib/gcc/nios2-elf/4.1.2/mno-hw-mul\libgcc.a(_thenan_df.o)
 .text          0x00009d64      0x194 c:/altera/12.1sp1/nios2eds/bin/gnu/h-i686-mingw32/bin/../lib/gcc/nios2-elf/4.1.2/mno-hw-mul\libgcc.a(_usi_to_df.o)
                0x00009d64                __floatunsidf
 .text          0x00009ef8      0x124 c:/altera/12.1sp1/nios2eds/bin/gnu/h-i686-mingw32/bin/../lib/gcc/nios2-elf/4.1.2/mno-hw-mul\libgcc.a(_muldi3.o)
                0x00009ef8                __muldi3
 .text          0x0000a01c        0x0 c:/altera/12.1sp1/nios2eds/bin/gnu/h-i686-mingw32/bin/../lib/gcc/nios2-elf/4.1.2/mno-hw-mul\libgcc.a(_clz.o)
 .text          0x0000a01c       0x80 c:/altera/12.1sp1/nios2eds/bin/gnu/h-i686-mingw32/bin/../lib/gcc/nios2-elf/4.1.2/mno-hw-mul\libgcc.a(_clzsi2.o)
                0x0000a01c                __clzsi2
 .text          0x0000a09c      0x314 c:/altera/12.1sp1/nios2eds/bin/gnu/h-i686-mingw32/bin/../lib/gcc/nios2-elf/4.1.2/mno-hw-mul\libgcc.a(_pack_df.o)
                0x0000a09c                __pack_d
 .text          0x0000a3b0      0x138 c:/altera/12.1sp1/nios2eds/bin/gnu/h-i686-mingw32/bin/../lib/gcc/nios2-elf/4.1.2/mno-hw-mul\libgcc.a(_unpack_df.o)
                0x0000a3b0                __unpack_d
 .text          0x0000a4e8       0xc8 c:/altera/12.1sp1/nios2eds/bin/gnu/h-i686-mingw32/bin/../lib/gcc/nios2-elf/4.1.2/mno-hw-mul\libgcc.a(_fpcmp_parts_df.o)
                0x0000a4e8                __fpcmp_parts_d
 .text          0x0000a5b0      0x154 C:/Users/abschmidt/workspace/ProjectOne_bsp/\libhal_bsp.a(alt_alarm_start.o)
                0x0000a5b0                alt_alarm_start
 .text          0x0000a704      0x160 C:/Users/abschmidt/workspace/ProjectOne_bsp/\libhal_bsp.a(alt_close.o)
                0x0000a704                close
 .text          0x0000a864       0x2c C:/Users/abschmidt/workspace/ProjectOne_bsp/\libhal_bsp.a(alt_dev.o)
 .text          0x0000a890        0x0 C:/Users/abschmidt/workspace/ProjectOne_bsp/\libhal_bsp.a(alt_errno.o)
 .text          0x0000a890      0x138 C:/Users/abschmidt/workspace/ProjectOne_bsp/\libhal_bsp.a(alt_fstat.o)
                0x0000a890                fstat
 .text          0x0000a9c8      0x124 C:/Users/abschmidt/workspace/ProjectOne_bsp/\libhal_bsp.a(alt_isatty.o)
                0x0000a9c8                isatty
 .text          0x0000aaec       0xec C:/Users/abschmidt/workspace/ProjectOne_bsp/\libhal_bsp.a(alt_load.o)
                0x0000aaec                alt_load
 .text          0x0000abd8      0x154 C:/Users/abschmidt/workspace/ProjectOne_bsp/\libhal_bsp.a(alt_lseek.o)
                0x0000abd8                lseek
 .text          0x0000ad2c       0x6c C:/Users/abschmidt/workspace/ProjectOne_bsp/\libhal_bsp.a(alt_main.o)
                0x0000ad2c                alt_main
 .text          0x0000ad98       0x40 C:/Users/abschmidt/workspace/ProjectOne_bsp/\libhal_bsp.a(alt_malloc_lock.o)
                0x0000ad98                __malloc_lock
                0x0000adb8                __malloc_unlock
 .text          0x0000add8      0x258 C:/Users/abschmidt/workspace/ProjectOne_bsp/\libhal_bsp.a(alt_printf.o)
                0x0000add8                alt_printf
 .text          0x0000b030       0x40 C:/Users/abschmidt/workspace/ProjectOne_bsp/\libhal_bsp.a(alt_putchar.o)
                0x0000b030                alt_putchar
 .text          0x0000b070      0x184 C:/Users/abschmidt/workspace/ProjectOne_bsp/\libhal_bsp.a(alt_read.o)
                0x0000b070                read
 .text          0x0000b1f4       0x78 C:/Users/abschmidt/workspace/ProjectOne_bsp/\libhal_bsp.a(alt_release_fd.o)
                0x0000b1f4                alt_release_fd
 .text          0x0000b26c       0xbc C:/Users/abschmidt/workspace/ProjectOne_bsp/\libhal_bsp.a(alt_sbrk.o)
                0x0000b26c                sbrk
 .text          0x0000b328      0x1a4 C:/Users/abschmidt/workspace/ProjectOne_bsp/\libhal_bsp.a(alt_tick.o)
                0x0000b328                alt_alarm_stop
                0x0000b3c0                alt_tick
 .text          0x0000b4cc      0x184 C:/Users/abschmidt/workspace/ProjectOne_bsp/\libhal_bsp.a(alt_write.o)
                0x0000b4cc                write
 .text          0x0000b650       0xc8 C:/Users/abschmidt/workspace/ProjectOne_bsp/\libhal_bsp.a(alt_sys_init.o)
                0x0000b650                alt_irq_init
                0x0000b684                alt_sys_init
 .text          0x0000b718      0x148 C:/Users/abschmidt/workspace/ProjectOne_bsp/\libhal_bsp.a(altera_avalon_jtag_uart_fd.o)
                0x0000b718                altera_avalon_jtag_uart_read_fd
                0x0000b770                altera_avalon_jtag_uart_write_fd
                0x0000b7c8                altera_avalon_jtag_uart_close_fd
                0x0000b810                altera_avalon_jtag_uart_ioctl_fd
 .text          0x0000b860      0x40c C:/Users/abschmidt/workspace/ProjectOne_bsp/\libhal_bsp.a(altera_avalon_jtag_uart_init.o)
                0x0000b860                altera_avalon_jtag_uart_init
                0x0000bbf8                altera_avalon_jtag_uart_close
 .text          0x0000bc6c       0xf4 C:/Users/abschmidt/workspace/ProjectOne_bsp/\libhal_bsp.a(altera_avalon_jtag_uart_ioctl.o)
                0x0000bc6c                altera_avalon_jtag_uart_ioctl
 .text          0x0000bd60      0x224 C:/Users/abschmidt/workspace/ProjectOne_bsp/\libhal_bsp.a(altera_avalon_jtag_uart_read.o)
                0x0000bd60                altera_avalon_jtag_uart_read
 .text          0x0000bf84      0x240 C:/Users/abschmidt/workspace/ProjectOne_bsp/\libhal_bsp.a(altera_avalon_jtag_uart_write.o)
                0x0000bf84                altera_avalon_jtag_uart_write
 .text          0x0000c1c4      0x100 C:/Users/abschmidt/workspace/ProjectOne_bsp/\libhal_bsp.a(altera_avalon_timer_sc.o)
                0x0000c234                alt_avalon_timer_sc_init
 .text          0x0000c2c4       0x1c C:/Users/abschmidt/workspace/ProjectOne_bsp/\libhal_bsp.a(alt_dcache_flush_all.o)
                0x0000c2c4                alt_dcache_flush_all
 .text          0x0000c2e0      0x114 C:/Users/abschmidt/workspace/ProjectOne_bsp/\libhal_bsp.a(alt_dev_llist_insert.o)
                0x0000c2e0                alt_dev_llist_insert
 .text          0x0000c3f4       0x64 C:/Users/abschmidt/workspace/ProjectOne_bsp/\libhal_bsp.a(alt_do_ctors.o)
                0x0000c3f4                _do_ctors
 .text          0x0000c458       0x64 C:/Users/abschmidt/workspace/ProjectOne_bsp/\libhal_bsp.a(alt_do_dtors.o)
                0x0000c458                _do_dtors
 .text          0x0000c4bc       0x1c C:/Users/abschmidt/workspace/ProjectOne_bsp/\libhal_bsp.a(alt_icache_flush_all.o)
                0x0000c4bc                alt_icache_flush_all
 .text          0x0000c4d8      0x1d4 C:/Users/abschmidt/workspace/ProjectOne_bsp/\libhal_bsp.a(alt_iic.o)
                0x0000c4d8                alt_ic_isr_register
                0x0000c528                alt_ic_irq_enable
                0x0000c5c4                alt_ic_irq_disable
                0x0000c664                alt_ic_irq_enabled
 .text          0x0000c6ac       0xf8 C:/Users/abschmidt/workspace/ProjectOne_bsp/\libhal_bsp.a(alt_iic_isr_register.o)
                0x0000c6ac                alt_iic_isr_register
 .text          0x0000c7a4      0x150 C:/Users/abschmidt/workspace/ProjectOne_bsp/\libhal_bsp.a(alt_io_redirect.o)
                0x0000c87c                alt_io_redirect
 .text          0x0000c8f4        0x0 C:/Users/abschmidt/workspace/ProjectOne_bsp/\libhal_bsp.a(alt_irq_entry.o)
 .text          0x0000c8f4        0x0 C:/Users/abschmidt/workspace/ProjectOne_bsp/\libhal_bsp.a(alt_irq_handler.o)
 .text          0x0000c8f4        0x0 C:/Users/abschmidt/workspace/ProjectOne_bsp/\libhal_bsp.a(alt_irq_vars.o)
 .text          0x0000c8f4      0x2e4 C:/Users/abschmidt/workspace/ProjectOne_bsp/\libhal_bsp.a(alt_open.o)
                0x0000c9ec                open
 .text          0x0000cbd8       0x20 C:/Users/abschmidt/workspace/ProjectOne_bsp/\libhal_bsp.a(altera_nios2_irq.o)
                0x0000cbd8                altera_nios2_irq_init
 .text          0x0000cbf8        0x0 C:/Users/abschmidt/workspace/ProjectOne_bsp/\libhal_bsp.a(alt_exception_entry.o)
 .text          0x0000cbf8       0x94 C:/Users/abschmidt/workspace/ProjectOne_bsp/\libhal_bsp.a(alt_find_dev.o)
                0x0000cbf8                alt_find_dev
 .text          0x0000cc8c      0x120 C:/Users/abschmidt/workspace/ProjectOne_bsp/\libhal_bsp.a(alt_find_file.o)
                0x0000cc8c                alt_find_file
 .text          0x0000cdac       0xd0 C:/Users/abschmidt/workspace/ProjectOne_bsp/\libhal_bsp.a(alt_get_fd.o)
                0x0000cdac                alt_get_fd
 .text          0x0000ce7c       0x14 c:/altera/12.1sp1/nios2eds/bin/gnu/h-i686-mingw32/bin/../lib/gcc/nios2-elf/4.1.2/../../../../nios2-elf/lib/mno-hw-mul\libc.a(lib_a-atexit.o)
                0x0000ce7c                atexit
 .text          0x0000ce90       0x38 c:/altera/12.1sp1/nios2eds/bin/gnu/h-i686-mingw32/bin/../lib/gcc/nios2-elf/4.1.2/../../../../nios2-elf/lib/mno-hw-mul\libc.a(lib_a-exit.o)
                0x0000ce90                exit
 .text          0x0000cec8       0x74 c:/altera/12.1sp1/nios2eds/bin/gnu/h-i686-mingw32/bin/../lib/gcc/nios2-elf/4.1.2/../../../../nios2-elf/lib/mno-hw-mul\libc.a(lib_a-memcmp.o)
                0x0000cec8                memcmp
 .text          0x0000cf3c      0x1ec c:/altera/12.1sp1/nios2eds/bin/gnu/h-i686-mingw32/bin/../lib/gcc/nios2-elf/4.1.2/../../../../nios2-elf/lib/mno-hw-mul\libc.a(lib_a-putc.o)
                0x0000cf3c                putc
                0x0000d040                _putc_r
 .text          0x0000d128      0x14c c:/altera/12.1sp1/nios2eds/bin/gnu/h-i686-mingw32/bin/../lib/gcc/nios2-elf/4.1.2/../../../../nios2-elf/lib/mno-hw-mul\libc.a(lib_a-wbuf.o)
                0x0000d128                __swbuf_r
                0x0000d258                __swbuf
 .text          0x0000d274      0x134 c:/altera/12.1sp1/nios2eds/bin/gnu/h-i686-mingw32/bin/../lib/gcc/nios2-elf/4.1.2/../../../../nios2-elf/lib/mno-hw-mul\libc.a(lib_a-__atexit.o)
                0x0000d274                __register_exitproc
 .text          0x0000d3a8      0x1b4 c:/altera/12.1sp1/nios2eds/bin/gnu/h-i686-mingw32/bin/../lib/gcc/nios2-elf/4.1.2/../../../../nios2-elf/lib/mno-hw-mul\libc.a(lib_a-__call_atexit.o)
                0x0000d3ac                __call_exitprocs
 .text          0x0000d55c       0x60 C:/Users/abschmidt/workspace/ProjectOne_bsp/\libhal_bsp.a(alt_exit.o)
                0x0000d59c                _exit
 *(.gnu.warning.*)
 *(.fini)
                0x0000d5bc                PROVIDE (__etext, ABSOLUTE (.))
                0x0000d5bc                PROVIDE (_etext, ABSOLUTE (.))
                0x0000d5bc                PROVIDE (etext, ABSOLUTE (.))
 *(.eh_frame_hdr)
                0x0000d5bc                . = ALIGN (0x4)
                0x0000d5bc                PROVIDE (__preinit_array_start, ABSOLUTE (.))
 *(.preinit_array)
                0x0000d5bc                PROVIDE (__preinit_array_end, ABSOLUTE (.))
                0x0000d5bc                PROVIDE (__init_array_start, ABSOLUTE (.))
 *(.init_array)
                0x0000d5bc                PROVIDE (__init_array_end, ABSOLUTE (.))
                0x0000d5bc                PROVIDE (__fini_array_start, ABSOLUTE (.))
 *(.fini_array)
                0x0000d5bc                PROVIDE (__fini_array_end, ABSOLUTE (.))
 *(.eh_frame)
 *(.gcc_except_table)
 *(.dynamic)
                0x0000d5bc                PROVIDE (__CTOR_LIST__, ABSOLUTE (.))
 *(.ctors)
 *(SORT(.ctors.*))
 .ctors.65535   0x0000d5bc        0x4 c:/altera/12.1sp1/nios2eds/bin/gnu/h-i686-mingw32/bin/../lib/gcc/nios2-elf/4.1.2/../../../../nios2-elf/lib/mno-hw-mul\libc.a(lib_a-__call_atexit.o)
                0x0000d5c0                PROVIDE (__CTOR_END__, ABSOLUTE (.))
                0x0000d5c0                PROVIDE (__DTOR_LIST__, ABSOLUTE (.))
 *(.dtors)
 *(SORT(.dtors.*))
                0x0000d5c0                PROVIDE (__DTOR_END__, ABSOLUTE (.))
 *(.jcr)
                0x0000d5c0                . = ALIGN (0x4)

.rodata         0x0000d5c0      0x410
                0x0000d5c0                PROVIDE (__ram_rodata_start, ABSOLUTE (.))
                0x0000d5c0                . = ALIGN (0x4)
 *(.rodata .rodata.* .gnu.linkonce.r.*)
 .rodata        0x0000d5c0       0x1c obj/default/alarm_handler.o
 .rodata        0x0000d5dc       0x1c obj/default/project1.o
 .rodata        0x0000d5f8       0x9c obj/default/tcb.o
 .rodata.str1.4
                0x0000d694        0x2 c:/altera/12.1sp1/nios2eds/bin/gnu/h-i686-mingw32/bin/../lib/gcc/nios2-elf/4.1.2/../../../../nios2-elf/lib/mno-hw-mul\libc.a(lib_a-puts.o)
                                  0x4 (size before relaxing)
 *fill*         0x0000d696        0x2 00
 .rodata.str1.4
                0x0000d698       0x5e c:/altera/12.1sp1/nios2eds/bin/gnu/h-i686-mingw32/bin/../lib/gcc/nios2-elf/4.1.2/../../../../nios2-elf/lib/mno-hw-mul\libc.a(lib_a-vfprintf.o)
                                 0x60 (size before relaxing)
 .rodata        0x0000d6f6       0x20 c:/altera/12.1sp1/nios2eds/bin/gnu/h-i686-mingw32/bin/../lib/gcc/nios2-elf/4.1.2/../../../../nios2-elf/lib/mno-hw-mul\libc.a(lib_a-vfprintf.o)
 *fill*         0x0000d716        0x2 00
 .rodata.str1.4
                0x0000d718       0x10 c:/altera/12.1sp1/nios2eds/bin/gnu/h-i686-mingw32/bin/../lib/gcc/nios2-elf/4.1.2/../../../../nios2-elf/lib/mno-hw-mul\libc.a(lib_a-dtoa.o)
                                 0x14 (size before relaxing)
 .rodata.str1.4
                0x0000d728        0x2 c:/altera/12.1sp1/nios2eds/bin/gnu/h-i686-mingw32/bin/../lib/gcc/nios2-elf/4.1.2/../../../../nios2-elf/lib/mno-hw-mul\libc.a(lib_a-impure.o)
                                  0x4 (size before relaxing)
 *fill*         0x0000d72a        0x2 00
 .rodata.str1.4
                0x0000d72c       0x10 c:/altera/12.1sp1/nios2eds/bin/gnu/h-i686-mingw32/bin/../lib/gcc/nios2-elf/4.1.2/../../../../nios2-elf/lib/mno-hw-mul\libc.a(lib_a-locale.o)
                                 0x18 (size before relaxing)
 .rodata        0x0000d73c       0x30 c:/altera/12.1sp1/nios2eds/bin/gnu/h-i686-mingw32/bin/../lib/gcc/nios2-elf/4.1.2/../../../../nios2-elf/lib/mno-hw-mul\libc.a(lib_a-locale.o)
 .rodata        0x0000d76c      0x124 c:/altera/12.1sp1/nios2eds/bin/gnu/h-i686-mingw32/bin/../lib/gcc/nios2-elf/4.1.2/../../../../nios2-elf/lib/mno-hw-mul\libc.a(lib_a-mprec.o)
                0x0000d76c                __mprec_tens
                0x0000d834                __mprec_bigtens
                0x0000d85c                __mprec_tinytens
 .rodata        0x0000d890       0x14 c:/altera/12.1sp1/nios2eds/bin/gnu/h-i686-mingw32/bin/../lib/gcc/nios2-elf/4.1.2/mno-hw-mul\libgcc.a(_thenan_df.o)
                0x0000d890                __thenan_df
 .rodata        0x0000d8a4      0x100 c:/altera/12.1sp1/nios2eds/bin/gnu/h-i686-mingw32/bin/../lib/gcc/nios2-elf/4.1.2/mno-hw-mul\libgcc.a(_clz.o)
                0x0000d8a4                __clz_tab
 .rodata        0x0000d9a4        0xc C:/Users/abschmidt/workspace/ProjectOne_bsp/\libhal_bsp.a(alt_dev.o)
 .rodata        0x0000d9b0       0x10 C:/Users/abschmidt/workspace/ProjectOne_bsp/\libhal_bsp.a(alt_main.o)
 .rodata        0x0000d9c0       0x10 C:/Users/abschmidt/workspace/ProjectOne_bsp/\libhal_bsp.a(alt_sys_init.o)
 *(.rodata1)
                0x0000d9d0                . = ALIGN (0x4)
                0x0000d9d0                PROVIDE (__ram_rodata_end, ABSOLUTE (.))
                0x0000d5c0                PROVIDE (__flash_rodata_start, LOADADDR (.rodata))

.rwdata         0x0000d9d0     0x1a60 load address 0x0000f430
                0x0000d9d0                PROVIDE (__ram_rwdata_start, ABSOLUTE (.))
                0x0000d9d0                . = ALIGN (0x4)
 *(.got.plt)
 *(.got)
 *(.data1)
 *(.data .data.* .gnu.linkonce.d.*)
 .data          0x0000d9d0        0x0 C:/Users/abschmidt/workspace/ProjectOne_bsp//obj/HAL/src/crt0.o
 .data          0x0000d9d0        0x0 obj/default/alarm_handler.o
 .data          0x0000d9d0        0x0 obj/default/project1.o
 .data          0x0000d9d0        0x0 obj/default/tcb.o
 .data          0x0000d9d0        0x0 obj/default/alt_edit.o
 .data          0x0000d9d0        0x0 c:/altera/12.1sp1/nios2eds/bin/gnu/h-i686-mingw32/bin/../lib/gcc/nios2-elf/4.1.2/mno-hw-mul\libgcc.a(lib2-divmod.o)
 .data          0x0000d9d0        0x0 c:/altera/12.1sp1/nios2eds/bin/gnu/h-i686-mingw32/bin/../lib/gcc/nios2-elf/4.1.2/mno-hw-mul\libgcc.a(lib2-mul.o)
 .data          0x0000d9d0        0x0 c:/altera/12.1sp1/nios2eds/bin/gnu/h-i686-mingw32/bin/../lib/gcc/nios2-elf/4.1.2/../../../../nios2-elf/lib/mno-hw-mul\libc.a(lib_a-malloc.o)
 .data          0x0000d9d0      0x408 c:/altera/12.1sp1/nios2eds/bin/gnu/h-i686-mingw32/bin/../lib/gcc/nios2-elf/4.1.2/../../../../nios2-elf/lib/mno-hw-mul\libc.a(lib_a-mallocr.o)
                0x0000d9d0                __malloc_av_
 .data          0x0000ddd8        0x0 c:/altera/12.1sp1/nios2eds/bin/gnu/h-i686-mingw32/bin/../lib/gcc/nios2-elf/4.1.2/../../../../nios2-elf/lib/mno-hw-mul\libc.a(lib_a-printf.o)
 .data          0x0000ddd8        0x0 c:/altera/12.1sp1/nios2eds/bin/gnu/h-i686-mingw32/bin/../lib/gcc/nios2-elf/4.1.2/../../../../nios2-elf/lib/mno-hw-mul\libc.a(lib_a-puts.o)
 .data          0x0000ddd8        0x0 c:/altera/12.1sp1/nios2eds/bin/gnu/h-i686-mingw32/bin/../lib/gcc/nios2-elf/4.1.2/../../../../nios2-elf/lib/mno-hw-mul\libc.a(lib_a-sbrkr.o)
 .data          0x0000ddd8        0x0 c:/altera/12.1sp1/nios2eds/bin/gnu/h-i686-mingw32/bin/../lib/gcc/nios2-elf/4.1.2/../../../../nios2-elf/lib/mno-hw-mul\libc.a(lib_a-strlen.o)
 .data          0x0000ddd8        0x0 c:/altera/12.1sp1/nios2eds/bin/gnu/h-i686-mingw32/bin/../lib/gcc/nios2-elf/4.1.2/../../../../nios2-elf/lib/mno-hw-mul\libc.a(lib_a-vfprintf.o)
 .data          0x0000ddd8        0x0 c:/altera/12.1sp1/nios2eds/bin/gnu/h-i686-mingw32/bin/../lib/gcc/nios2-elf/4.1.2/../../../../nios2-elf/lib/mno-hw-mul\libc.a(lib_a-wsetup.o)
 .data          0x0000ddd8        0x0 c:/altera/12.1sp1/nios2eds/bin/gnu/h-i686-mingw32/bin/../lib/gcc/nios2-elf/4.1.2/../../../../nios2-elf/lib/mno-hw-mul\libc.a(lib_a-dtoa.o)
 .data          0x0000ddd8        0x0 c:/altera/12.1sp1/nios2eds/bin/gnu/h-i686-mingw32/bin/../lib/gcc/nios2-elf/4.1.2/../../../../nios2-elf/lib/mno-hw-mul\libc.a(lib_a-fflush.o)
 .data          0x0000ddd8        0x0 c:/altera/12.1sp1/nios2eds/bin/gnu/h-i686-mingw32/bin/../lib/gcc/nios2-elf/4.1.2/../../../../nios2-elf/lib/mno-hw-mul\libc.a(lib_a-findfp.o)
 .data          0x0000ddd8        0x0 c:/altera/12.1sp1/nios2eds/bin/gnu/h-i686-mingw32/bin/../lib/gcc/nios2-elf/4.1.2/../../../../nios2-elf/lib/mno-hw-mul\libc.a(lib_a-freer.o)
 .data          0x0000ddd8        0x0 c:/altera/12.1sp1/nios2eds/bin/gnu/h-i686-mingw32/bin/../lib/gcc/nios2-elf/4.1.2/../../../../nios2-elf/lib/mno-hw-mul\libc.a(lib_a-fvwrite.o)
 .data          0x0000ddd8        0x0 c:/altera/12.1sp1/nios2eds/bin/gnu/h-i686-mingw32/bin/../lib/gcc/nios2-elf/4.1.2/../../../../nios2-elf/lib/mno-hw-mul\libc.a(lib_a-fwalk.o)
 .data          0x0000ddd8      0x400 c:/altera/12.1sp1/nios2eds/bin/gnu/h-i686-mingw32/bin/../lib/gcc/nios2-elf/4.1.2/../../../../nios2-elf/lib/mno-hw-mul\libc.a(lib_a-impure.o)
 .data          0x0000e1d8        0x0 c:/altera/12.1sp1/nios2eds/bin/gnu/h-i686-mingw32/bin/../lib/gcc/nios2-elf/4.1.2/../../../../nios2-elf/lib/mno-hw-mul\libc.a(lib_a-int_errno.o)
 .data          0x0000e1d8        0xc c:/altera/12.1sp1/nios2eds/bin/gnu/h-i686-mingw32/bin/../lib/gcc/nios2-elf/4.1.2/../../../../nios2-elf/lib/mno-hw-mul\libc.a(lib_a-locale.o)
                0x0000e1d8                __lc_ctype
 .data          0x0000e1e4        0x0 c:/altera/12.1sp1/nios2eds/bin/gnu/h-i686-mingw32/bin/../lib/gcc/nios2-elf/4.1.2/../../../../nios2-elf/lib/mno-hw-mul\libc.a(lib_a-makebuf.o)
 .data          0x0000e1e4        0x0 c:/altera/12.1sp1/nios2eds/bin/gnu/h-i686-mingw32/bin/../lib/gcc/nios2-elf/4.1.2/../../../../nios2-elf/lib/mno-hw-mul\libc.a(lib_a-memchr.o)
 .data          0x0000e1e4        0x0 c:/altera/12.1sp1/nios2eds/bin/gnu/h-i686-mingw32/bin/../lib/gcc/nios2-elf/4.1.2/../../../../nios2-elf/lib/mno-hw-mul\libc.a(lib_a-memcpy.o)
 .data          0x0000e1e4        0x0 c:/altera/12.1sp1/nios2eds/bin/gnu/h-i686-mingw32/bin/../lib/gcc/nios2-elf/4.1.2/../../../../nios2-elf/lib/mno-hw-mul\libc.a(lib_a-memmove.o)
 .data          0x0000e1e4        0x0 c:/altera/12.1sp1/nios2eds/bin/gnu/h-i686-mingw32/bin/../lib/gcc/nios2-elf/4.1.2/../../../../nios2-elf/lib/mno-hw-mul\libc.a(lib_a-memset.o)
 .data          0x0000e1e4        0x0 c:/altera/12.1sp1/nios2eds/bin/gnu/h-i686-mingw32/bin/../lib/gcc/nios2-elf/4.1.2/../../../../nios2-elf/lib/mno-hw-mul\libc.a(lib_a-mprec.o)
 .data          0x0000e1e4        0x0 c:/altera/12.1sp1/nios2eds/bin/gnu/h-i686-mingw32/bin/../lib/gcc/nios2-elf/4.1.2/../../../../nios2-elf/lib/mno-hw-mul\libc.a(lib_a-reallocr.o)
 .data          0x0000e1e4        0x0 c:/altera/12.1sp1/nios2eds/bin/gnu/h-i686-mingw32/bin/../lib/gcc/nios2-elf/4.1.2/../../../../nios2-elf/lib/mno-hw-mul\libc.a(lib_a-s_isinfd.o)
 .data          0x0000e1e4        0x0 c:/altera/12.1sp1/nios2eds/bin/gnu/h-i686-mingw32/bin/../lib/gcc/nios2-elf/4.1.2/../../../../nios2-elf/lib/mno-hw-mul\libc.a(lib_a-s_isnand.o)
 .data          0x0000e1e4        0x0 c:/altera/12.1sp1/nios2eds/bin/gnu/h-i686-mingw32/bin/../lib/gcc/nios2-elf/4.1.2/../../../../nios2-elf/lib/mno-hw-mul\libc.a(lib_a-stdio.o)
 .data          0x0000e1e4        0x0 c:/altera/12.1sp1/nios2eds/bin/gnu/h-i686-mingw32/bin/../lib/gcc/nios2-elf/4.1.2/../../../../nios2-elf/lib/mno-hw-mul\libc.a(lib_a-strcmp.o)
 .data          0x0000e1e4        0x0 c:/altera/12.1sp1/nios2eds/bin/gnu/h-i686-mingw32/bin/../lib/gcc/nios2-elf/4.1.2/../../../../nios2-elf/lib/mno-hw-mul\libc.a(lib_a-writer.o)
 .data          0x0000e1e4        0x0 c:/altera/12.1sp1/nios2eds/bin/gnu/h-i686-mingw32/bin/../lib/gcc/nios2-elf/4.1.2/../../../../nios2-elf/lib/mno-hw-mul\libc.a(lib_a-callocr.o)
 .data          0x0000e1e4        0x0 c:/altera/12.1sp1/nios2eds/bin/gnu/h-i686-mingw32/bin/../lib/gcc/nios2-elf/4.1.2/../../../../nios2-elf/lib/mno-hw-mul\libc.a(lib_a-closer.o)
 .data          0x0000e1e4        0x0 c:/altera/12.1sp1/nios2eds/bin/gnu/h-i686-mingw32/bin/../lib/gcc/nios2-elf/4.1.2/../../../../nios2-elf/lib/mno-hw-mul\libc.a(lib_a-fclose.o)
 .data          0x0000e1e4        0x0 c:/altera/12.1sp1/nios2eds/bin/gnu/h-i686-mingw32/bin/../lib/gcc/nios2-elf/4.1.2/../../../../nios2-elf/lib/mno-hw-mul\libc.a(lib_a-fstatr.o)
 .data          0x0000e1e4        0x0 c:/altera/12.1sp1/nios2eds/bin/gnu/h-i686-mingw32/bin/../lib/gcc/nios2-elf/4.1.2/../../../../nios2-elf/lib/mno-hw-mul\libc.a(lib_a-isattyr.o)
 .data          0x0000e1e4        0x0 c:/altera/12.1sp1/nios2eds/bin/gnu/h-i686-mingw32/bin/../lib/gcc/nios2-elf/4.1.2/../../../../nios2-elf/lib/mno-hw-mul\libc.a(lib_a-lseekr.o)
 .data          0x0000e1e4        0x0 c:/altera/12.1sp1/nios2eds/bin/gnu/h-i686-mingw32/bin/../lib/gcc/nios2-elf/4.1.2/../../../../nios2-elf/lib/mno-hw-mul\libc.a(lib_a-readr.o)
 .data          0x0000e1e4        0x0 c:/altera/12.1sp1/nios2eds/bin/gnu/h-i686-mingw32/bin/../lib/gcc/nios2-elf/4.1.2/mno-hw-mul\libgcc.a(_udivdi3.o)
 .data          0x0000e1e4        0x0 c:/altera/12.1sp1/nios2eds/bin/gnu/h-i686-mingw32/bin/../lib/gcc/nios2-elf/4.1.2/mno-hw-mul\libgcc.a(_umoddi3.o)
 .data          0x0000e1e4        0x0 c:/altera/12.1sp1/nios2eds/bin/gnu/h-i686-mingw32/bin/../lib/gcc/nios2-elf/4.1.2/mno-hw-mul\libgcc.a(_addsub_df.o)
 .data          0x0000e1e4        0x0 c:/altera/12.1sp1/nios2eds/bin/gnu/h-i686-mingw32/bin/../lib/gcc/nios2-elf/4.1.2/mno-hw-mul\libgcc.a(_mul_df.o)
 .data          0x0000e1e4        0x0 c:/altera/12.1sp1/nios2eds/bin/gnu/h-i686-mingw32/bin/../lib/gcc/nios2-elf/4.1.2/mno-hw-mul\libgcc.a(_div_df.o)
 .data          0x0000e1e4        0x0 c:/altera/12.1sp1/nios2eds/bin/gnu/h-i686-mingw32/bin/../lib/gcc/nios2-elf/4.1.2/mno-hw-mul\libgcc.a(_eq_df.o)
 .data          0x0000e1e4        0x0 c:/altera/12.1sp1/nios2eds/bin/gnu/h-i686-mingw32/bin/../lib/gcc/nios2-elf/4.1.2/mno-hw-mul\libgcc.a(_ne_df.o)
 .data          0x0000e1e4        0x0 c:/altera/12.1sp1/nios2eds/bin/gnu/h-i686-mingw32/bin/../lib/gcc/nios2-elf/4.1.2/mno-hw-mul\libgcc.a(_gt_df.o)
 .data          0x0000e1e4        0x0 c:/altera/12.1sp1/nios2eds/bin/gnu/h-i686-mingw32/bin/../lib/gcc/nios2-elf/4.1.2/mno-hw-mul\libgcc.a(_ge_df.o)
 .data          0x0000e1e4        0x0 c:/altera/12.1sp1/nios2eds/bin/gnu/h-i686-mingw32/bin/../lib/gcc/nios2-elf/4.1.2/mno-hw-mul\libgcc.a(_lt_df.o)
 .data          0x0000e1e4        0x0 c:/altera/12.1sp1/nios2eds/bin/gnu/h-i686-mingw32/bin/../lib/gcc/nios2-elf/4.1.2/mno-hw-mul\libgcc.a(_si_to_df.o)
 .data          0x0000e1e4        0x0 c:/altera/12.1sp1/nios2eds/bin/gnu/h-i686-mingw32/bin/../lib/gcc/nios2-elf/4.1.2/mno-hw-mul\libgcc.a(_df_to_si.o)
 .data          0x0000e1e4        0x0 c:/altera/12.1sp1/nios2eds/bin/gnu/h-i686-mingw32/bin/../lib/gcc/nios2-elf/4.1.2/mno-hw-mul\libgcc.a(_thenan_df.o)
 .data          0x0000e1e4        0x0 c:/altera/12.1sp1/nios2eds/bin/gnu/h-i686-mingw32/bin/../lib/gcc/nios2-elf/4.1.2/mno-hw-mul\libgcc.a(_usi_to_df.o)
 .data          0x0000e1e4        0x0 c:/altera/12.1sp1/nios2eds/bin/gnu/h-i686-mingw32/bin/../lib/gcc/nios2-elf/4.1.2/mno-hw-mul\libgcc.a(_muldi3.o)
 .data          0x0000e1e4        0x0 c:/altera/12.1sp1/nios2eds/bin/gnu/h-i686-mingw32/bin/../lib/gcc/nios2-elf/4.1.2/mno-hw-mul\libgcc.a(_clz.o)
 .data          0x0000e1e4        0x0 c:/altera/12.1sp1/nios2eds/bin/gnu/h-i686-mingw32/bin/../lib/gcc/nios2-elf/4.1.2/mno-hw-mul\libgcc.a(_clzsi2.o)
 .data          0x0000e1e4        0x0 c:/altera/12.1sp1/nios2eds/bin/gnu/h-i686-mingw32/bin/../lib/gcc/nios2-elf/4.1.2/mno-hw-mul\libgcc.a(_pack_df.o)
 .data          0x0000e1e4        0x0 c:/altera/12.1sp1/nios2eds/bin/gnu/h-i686-mingw32/bin/../lib/gcc/nios2-elf/4.1.2/mno-hw-mul\libgcc.a(_unpack_df.o)
 .data          0x0000e1e4        0x0 c:/altera/12.1sp1/nios2eds/bin/gnu/h-i686-mingw32/bin/../lib/gcc/nios2-elf/4.1.2/mno-hw-mul\libgcc.a(_fpcmp_parts_df.o)
 .data          0x0000e1e4        0x0 C:/Users/abschmidt/workspace/ProjectOne_bsp/\libhal_bsp.a(alt_alarm_start.o)
 .data          0x0000e1e4        0x0 C:/Users/abschmidt/workspace/ProjectOne_bsp/\libhal_bsp.a(alt_close.o)
 .data          0x0000e1e4      0x1a8 C:/Users/abschmidt/workspace/ProjectOne_bsp/\libhal_bsp.a(alt_dev.o)
                0x0000e1e4                alt_dev_null
                0x0000e20c                alt_fd_list
 .data          0x0000e38c        0x0 C:/Users/abschmidt/workspace/ProjectOne_bsp/\libhal_bsp.a(alt_errno.o)
 .data          0x0000e38c        0x0 C:/Users/abschmidt/workspace/ProjectOne_bsp/\libhal_bsp.a(alt_fstat.o)
 .data          0x0000e38c        0x0 C:/Users/abschmidt/workspace/ProjectOne_bsp/\libhal_bsp.a(alt_isatty.o)
 .data          0x0000e38c        0x0 C:/Users/abschmidt/workspace/ProjectOne_bsp/\libhal_bsp.a(alt_load.o)
 .data          0x0000e38c        0x0 C:/Users/abschmidt/workspace/ProjectOne_bsp/\libhal_bsp.a(alt_lseek.o)
 .data          0x0000e38c        0x0 C:/Users/abschmidt/workspace/ProjectOne_bsp/\libhal_bsp.a(alt_main.o)
 .data          0x0000e38c        0x0 C:/Users/abschmidt/workspace/ProjectOne_bsp/\libhal_bsp.a(alt_malloc_lock.o)
 .data          0x0000e38c        0x0 C:/Users/abschmidt/workspace/ProjectOne_bsp/\libhal_bsp.a(alt_printf.o)
 .data          0x0000e38c        0x0 C:/Users/abschmidt/workspace/ProjectOne_bsp/\libhal_bsp.a(alt_putchar.o)
 .data          0x0000e38c        0x0 C:/Users/abschmidt/workspace/ProjectOne_bsp/\libhal_bsp.a(alt_read.o)
 .data          0x0000e38c        0x0 C:/Users/abschmidt/workspace/ProjectOne_bsp/\libhal_bsp.a(alt_release_fd.o)
 .data          0x0000e38c        0x0 C:/Users/abschmidt/workspace/ProjectOne_bsp/\libhal_bsp.a(alt_sbrk.o)
 .data          0x0000e38c        0x0 C:/Users/abschmidt/workspace/ProjectOne_bsp/\libhal_bsp.a(alt_tick.o)
 .data          0x0000e38c        0x0 C:/Users/abschmidt/workspace/ProjectOne_bsp/\libhal_bsp.a(alt_write.o)
 .data          0x0000e38c     0x1060 C:/Users/abschmidt/workspace/ProjectOne_bsp/\libhal_bsp.a(alt_sys_init.o)
 .data          0x0000f3ec        0x0 C:/Users/abschmidt/workspace/ProjectOne_bsp/\libhal_bsp.a(altera_avalon_jtag_uart_fd.o)
 .data          0x0000f3ec        0x0 C:/Users/abschmidt/workspace/ProjectOne_bsp/\libhal_bsp.a(altera_avalon_jtag_uart_init.o)
 .data          0x0000f3ec        0x0 C:/Users/abschmidt/workspace/ProjectOne_bsp/\libhal_bsp.a(altera_avalon_jtag_uart_ioctl.o)
 .data          0x0000f3ec        0x0 C:/Users/abschmidt/workspace/ProjectOne_bsp/\libhal_bsp.a(altera_avalon_jtag_uart_read.o)
 .data          0x0000f3ec        0x0 C:/Users/abschmidt/workspace/ProjectOne_bsp/\libhal_bsp.a(altera_avalon_jtag_uart_write.o)
 .data          0x0000f3ec        0x0 C:/Users/abschmidt/workspace/ProjectOne_bsp/\libhal_bsp.a(altera_avalon_timer_sc.o)
 .data          0x0000f3ec        0x0 C:/Users/abschmidt/workspace/ProjectOne_bsp/\libhal_bsp.a(alt_dcache_flush_all.o)
 .data          0x0000f3ec        0x0 C:/Users/abschmidt/workspace/ProjectOne_bsp/\libhal_bsp.a(alt_dev_llist_insert.o)
 .data          0x0000f3ec        0x0 C:/Users/abschmidt/workspace/ProjectOne_bsp/\libhal_bsp.a(alt_do_ctors.o)
 .data          0x0000f3ec        0x0 C:/Users/abschmidt/workspace/ProjectOne_bsp/\libhal_bsp.a(alt_do_dtors.o)
 .data          0x0000f3ec        0x0 C:/Users/abschmidt/workspace/ProjectOne_bsp/\libhal_bsp.a(alt_icache_flush_all.o)
 .data          0x0000f3ec        0x0 C:/Users/abschmidt/workspace/ProjectOne_bsp/\libhal_bsp.a(alt_iic.o)
 .data          0x0000f3ec        0x0 C:/Users/abschmidt/workspace/ProjectOne_bsp/\libhal_bsp.a(alt_iic_isr_register.o)
 .data          0x0000f3ec        0x0 C:/Users/abschmidt/workspace/ProjectOne_bsp/\libhal_bsp.a(alt_io_redirect.o)
 .data          0x0000f3ec        0x0 C:/Users/abschmidt/workspace/ProjectOne_bsp/\libhal_bsp.a(alt_irq_entry.o)
 .data          0x0000f3ec        0x0 C:/Users/abschmidt/workspace/ProjectOne_bsp/\libhal_bsp.a(alt_irq_handler.o)
 .data          0x0000f3ec        0x0 C:/Users/abschmidt/workspace/ProjectOne_bsp/\libhal_bsp.a(alt_irq_vars.o)
 .data          0x0000f3ec        0x0 C:/Users/abschmidt/workspace/ProjectOne_bsp/\libhal_bsp.a(alt_open.o)
 .data          0x0000f3ec        0x0 C:/Users/abschmidt/workspace/ProjectOne_bsp/\libhal_bsp.a(altera_nios2_irq.o)
 .data          0x0000f3ec        0x0 C:/Users/abschmidt/workspace/ProjectOne_bsp/\libhal_bsp.a(alt_exception_entry.o)
 .data          0x0000f3ec        0x0 C:/Users/abschmidt/workspace/ProjectOne_bsp/\libhal_bsp.a(alt_find_dev.o)
 .data          0x0000f3ec        0x0 C:/Users/abschmidt/workspace/ProjectOne_bsp/\libhal_bsp.a(alt_find_file.o)
 .data          0x0000f3ec        0x0 C:/Users/abschmidt/workspace/ProjectOne_bsp/\libhal_bsp.a(alt_get_fd.o)
 .data          0x0000f3ec        0x0 c:/altera/12.1sp1/nios2eds/bin/gnu/h-i686-mingw32/bin/../lib/gcc/nios2-elf/4.1.2/../../../../nios2-elf/lib/mno-hw-mul\libc.a(lib_a-atexit.o)
 .data          0x0000f3ec        0x0 c:/altera/12.1sp1/nios2eds/bin/gnu/h-i686-mingw32/bin/../lib/gcc/nios2-elf/4.1.2/../../../../nios2-elf/lib/mno-hw-mul\libc.a(lib_a-exit.o)
 .data          0x0000f3ec        0x0 c:/altera/12.1sp1/nios2eds/bin/gnu/h-i686-mingw32/bin/../lib/gcc/nios2-elf/4.1.2/../../../../nios2-elf/lib/mno-hw-mul\libc.a(lib_a-memcmp.o)
 .data          0x0000f3ec        0x0 c:/altera/12.1sp1/nios2eds/bin/gnu/h-i686-mingw32/bin/../lib/gcc/nios2-elf/4.1.2/../../../../nios2-elf/lib/mno-hw-mul\libc.a(lib_a-putc.o)
 .data          0x0000f3ec        0x0 c:/altera/12.1sp1/nios2eds/bin/gnu/h-i686-mingw32/bin/../lib/gcc/nios2-elf/4.1.2/../../../../nios2-elf/lib/mno-hw-mul\libc.a(lib_a-wbuf.o)
 .data          0x0000f3ec        0x0 c:/altera/12.1sp1/nios2eds/bin/gnu/h-i686-mingw32/bin/../lib/gcc/nios2-elf/4.1.2/../../../../nios2-elf/lib/mno-hw-mul\libc.a(lib_a-__atexit.o)
 .data          0x0000f3ec        0x0 c:/altera/12.1sp1/nios2eds/bin/gnu/h-i686-mingw32/bin/../lib/gcc/nios2-elf/4.1.2/../../../../nios2-elf/lib/mno-hw-mul\libc.a(lib_a-__call_atexit.o)
 .data          0x0000f3ec        0x0 C:/Users/abschmidt/workspace/ProjectOne_bsp/\libhal_bsp.a(alt_exit.o)
                0x000173ec                _gp = ABSOLUTE ((. + 0x8000))
                0x000173ec                PROVIDE (gp, _gp)
 *(.rwdata .rwdata.*)
 *(.sdata .sdata.* .gnu.linkonce.s.*)
 .sdata         0x0000f3ec        0x4 obj/default/tcb.o
                0x0000f3ec                first_run
 .sdata         0x0000f3f0        0x8 c:/altera/12.1sp1/nios2eds/bin/gnu/h-i686-mingw32/bin/../lib/gcc/nios2-elf/4.1.2/../../../../nios2-elf/lib/mno-hw-mul\libc.a(lib_a-mallocr.o)
                0x0000f3f0                __malloc_trim_threshold
                0x0000f3f4                __malloc_sbrk_base
 .sdata         0x0000f3f8        0x8 c:/altera/12.1sp1/nios2eds/bin/gnu/h-i686-mingw32/bin/../lib/gcc/nios2-elf/4.1.2/../../../../nios2-elf/lib/mno-hw-mul\libc.a(lib_a-impure.o)
                0x0000f3f8                _impure_ptr
                0x0000f3fc                _global_impure_ptr
 .sdata         0x0000f400        0x8 c:/altera/12.1sp1/nios2eds/bin/gnu/h-i686-mingw32/bin/../lib/gcc/nios2-elf/4.1.2/../../../../nios2-elf/lib/mno-hw-mul\libc.a(lib_a-locale.o)
                0x0000f400                __mb_cur_max
 .sdata         0x0000f408       0x14 C:/Users/abschmidt/workspace/ProjectOne_bsp/\libhal_bsp.a(alt_dev.o)
                0x0000f408                alt_fs_list
                0x0000f410                alt_dev_list
                0x0000f418                alt_max_fd
 .sdata         0x0000f41c        0x4 C:/Users/abschmidt/workspace/ProjectOne_bsp/\libhal_bsp.a(alt_errno.o)
                0x0000f41c                alt_errno
 .sdata         0x0000f420        0x4 C:/Users/abschmidt/workspace/ProjectOne_bsp/\libhal_bsp.a(alt_sbrk.o)
 .sdata         0x0000f424        0x8 C:/Users/abschmidt/workspace/ProjectOne_bsp/\libhal_bsp.a(alt_tick.o)
                0x0000f424                alt_alarm_list
 .sdata         0x0000f42c        0x4 C:/Users/abschmidt/workspace/ProjectOne_bsp/\libhal_bsp.a(alt_irq_vars.o)
                0x0000f42c                alt_priority_mask
 *(.sdata2 .sdata2.* .gnu.linkonce.s2.*)
                0x0000f430                . = ALIGN (0x4)
                0x0000f430                _edata = ABSOLUTE (.)
                0x0000f430                PROVIDE (edata, ABSOLUTE (.))
                0x0000f430                PROVIDE (__ram_rwdata_end, ABSOLUTE (.))
                0x0000f430                PROVIDE (__flash_rwdata_start, LOADADDR (.rwdata))

.bss            0x00010e90      0x460
                0x00010e90                __bss_start = ABSOLUTE (.)
                0x00010e90                PROVIDE (__sbss_start, ABSOLUTE (.))
                0x00010e90                PROVIDE (___sbss_start, ABSOLUTE (.))
 *(.dynsbss)
 *(.sbss .sbss.* .gnu.linkonce.sb.*)
 .sbss          0x00010e90        0x4 obj/default/alarm_handler.o
                0x00010e90                from_handler
 .sbss          0x00010e94        0x4 obj/default/tcb.o
                0x00010e94                current_thread
 .sbss          0x00010e98        0x4 obj/default/tcb.o
                0x00010e98                main_context
 .sbss          0x00010e9c        0xc c:/altera/12.1sp1/nios2eds/bin/gnu/h-i686-mingw32/bin/../lib/gcc/nios2-elf/4.1.2/../../../../nios2-elf/lib/mno-hw-mul\libc.a(lib_a-mallocr.o)
                0x00010e9c                __malloc_top_pad
                0x00010ea0                __malloc_max_sbrked_mem
                0x00010ea4                __malloc_max_total_mem
 .sbss          0x00010ea8        0x4 c:/altera/12.1sp1/nios2eds/bin/gnu/h-i686-mingw32/bin/../lib/gcc/nios2-elf/4.1.2/../../../../nios2-elf/lib/mno-hw-mul\libc.a(lib_a-int_errno.o)
                0x00010ea8                errno
 .sbss          0x00010eac        0xc c:/altera/12.1sp1/nios2eds/bin/gnu/h-i686-mingw32/bin/../lib/gcc/nios2-elf/4.1.2/../../../../nios2-elf/lib/mno-hw-mul\libc.a(lib_a-locale.o)
                0x00010eac                __nlocale_changed
                0x00010eb0                __mlocale_changed
                0x00010eb4                _PathLocale
 .sbss          0x00010eb8        0xc C:/Users/abschmidt/workspace/ProjectOne_bsp/\libhal_bsp.a(alt_main.o)
                0x00010eb8                alt_argc
                0x00010ebc                alt_argv
                0x00010ec0                alt_envp
 .sbss          0x00010ec4        0x8 C:/Users/abschmidt/workspace/ProjectOne_bsp/\libhal_bsp.a(alt_tick.o)
                0x00010ec4                _alt_tick_rate
                0x00010ec8                _alt_nticks
 .sbss          0x00010ecc        0x4 C:/Users/abschmidt/workspace/ProjectOne_bsp/\libhal_bsp.a(alt_irq_vars.o)
                0x00010ecc                alt_irq_active
 *(.sbss2 .sbss2.* .gnu.linkonce.sb2.*)
 *(.scommon)
                0x00010ed0                PROVIDE (__sbss_end, ABSOLUTE (.))
                0x00010ed0                PROVIDE (___sbss_end, ABSOLUTE (.))
 *(.dynbss)
 *(.bss .bss.* .gnu.linkonce.b.*)
 .bss           0x00010ed0        0x0 C:/Users/abschmidt/workspace/ProjectOne_bsp//obj/HAL/src/crt0.o
 .bss           0x00010ed0        0x0 obj/default/alarm_handler.o
 .bss           0x00010ed0        0x0 obj/default/project1.o
 .bss           0x00010ed0        0x0 obj/default/tcb.o
 .bss           0x00010ed0        0x0 obj/default/alt_edit.o
 .bss           0x00010ed0        0x0 c:/altera/12.1sp1/nios2eds/bin/gnu/h-i686-mingw32/bin/../lib/gcc/nios2-elf/4.1.2/mno-hw-mul\libgcc.a(lib2-divmod.o)
 .bss           0x00010ed0        0x0 c:/altera/12.1sp1/nios2eds/bin/gnu/h-i686-mingw32/bin/../lib/gcc/nios2-elf/4.1.2/mno-hw-mul\libgcc.a(lib2-mul.o)
 .bss           0x00010ed0        0x0 c:/altera/12.1sp1/nios2eds/bin/gnu/h-i686-mingw32/bin/../lib/gcc/nios2-elf/4.1.2/../../../../nios2-elf/lib/mno-hw-mul\libc.a(lib_a-malloc.o)
 .bss           0x00010ed0       0x28 c:/altera/12.1sp1/nios2eds/bin/gnu/h-i686-mingw32/bin/../lib/gcc/nios2-elf/4.1.2/../../../../nios2-elf/lib/mno-hw-mul\libc.a(lib_a-mallocr.o)
                0x00010ed0                __malloc_current_mallinfo
 .bss           0x00010ef8        0x0 c:/altera/12.1sp1/nios2eds/bin/gnu/h-i686-mingw32/bin/../lib/gcc/nios2-elf/4.1.2/../../../../nios2-elf/lib/mno-hw-mul\libc.a(lib_a-printf.o)
 .bss           0x00010ef8        0x0 c:/altera/12.1sp1/nios2eds/bin/gnu/h-i686-mingw32/bin/../lib/gcc/nios2-elf/4.1.2/../../../../nios2-elf/lib/mno-hw-mul\libc.a(lib_a-puts.o)
 .bss           0x00010ef8        0x0 c:/altera/12.1sp1/nios2eds/bin/gnu/h-i686-mingw32/bin/../lib/gcc/nios2-elf/4.1.2/../../../../nios2-elf/lib/mno-hw-mul\libc.a(lib_a-sbrkr.o)
 .bss           0x00010ef8        0x0 c:/altera/12.1sp1/nios2eds/bin/gnu/h-i686-mingw32/bin/../lib/gcc/nios2-elf/4.1.2/../../../../nios2-elf/lib/mno-hw-mul\libc.a(lib_a-strlen.o)
 .bss           0x00010ef8        0x0 c:/altera/12.1sp1/nios2eds/bin/gnu/h-i686-mingw32/bin/../lib/gcc/nios2-elf/4.1.2/../../../../nios2-elf/lib/mno-hw-mul\libc.a(lib_a-vfprintf.o)
 .bss           0x00010ef8        0x0 c:/altera/12.1sp1/nios2eds/bin/gnu/h-i686-mingw32/bin/../lib/gcc/nios2-elf/4.1.2/../../../../nios2-elf/lib/mno-hw-mul\libc.a(lib_a-wsetup.o)
 .bss           0x00010ef8        0x0 c:/altera/12.1sp1/nios2eds/bin/gnu/h-i686-mingw32/bin/../lib/gcc/nios2-elf/4.1.2/../../../../nios2-elf/lib/mno-hw-mul\libc.a(lib_a-dtoa.o)
 .bss           0x00010ef8        0x0 c:/altera/12.1sp1/nios2eds/bin/gnu/h-i686-mingw32/bin/../lib/gcc/nios2-elf/4.1.2/../../../../nios2-elf/lib/mno-hw-mul\libc.a(lib_a-fflush.o)
 .bss           0x00010ef8        0x0 c:/altera/12.1sp1/nios2eds/bin/gnu/h-i686-mingw32/bin/../lib/gcc/nios2-elf/4.1.2/../../../../nios2-elf/lib/mno-hw-mul\libc.a(lib_a-findfp.o)
 .bss           0x00010ef8        0x0 c:/altera/12.1sp1/nios2eds/bin/gnu/h-i686-mingw32/bin/../lib/gcc/nios2-elf/4.1.2/../../../../nios2-elf/lib/mno-hw-mul\libc.a(lib_a-freer.o)
 .bss           0x00010ef8        0x0 c:/altera/12.1sp1/nios2eds/bin/gnu/h-i686-mingw32/bin/../lib/gcc/nios2-elf/4.1.2/../../../../nios2-elf/lib/mno-hw-mul\libc.a(lib_a-fvwrite.o)
 .bss           0x00010ef8        0x0 c:/altera/12.1sp1/nios2eds/bin/gnu/h-i686-mingw32/bin/../lib/gcc/nios2-elf/4.1.2/../../../../nios2-elf/lib/mno-hw-mul\libc.a(lib_a-fwalk.o)
 .bss           0x00010ef8        0x0 c:/altera/12.1sp1/nios2eds/bin/gnu/h-i686-mingw32/bin/../lib/gcc/nios2-elf/4.1.2/../../../../nios2-elf/lib/mno-hw-mul\libc.a(lib_a-impure.o)
 .bss           0x00010ef8        0x0 c:/altera/12.1sp1/nios2eds/bin/gnu/h-i686-mingw32/bin/../lib/gcc/nios2-elf/4.1.2/../../../../nios2-elf/lib/mno-hw-mul\libc.a(lib_a-int_errno.o)
 .bss           0x00010ef8        0x0 c:/altera/12.1sp1/nios2eds/bin/gnu/h-i686-mingw32/bin/../lib/gcc/nios2-elf/4.1.2/../../../../nios2-elf/lib/mno-hw-mul\libc.a(lib_a-locale.o)
 .bss           0x00010ef8        0x0 c:/altera/12.1sp1/nios2eds/bin/gnu/h-i686-mingw32/bin/../lib/gcc/nios2-elf/4.1.2/../../../../nios2-elf/lib/mno-hw-mul\libc.a(lib_a-makebuf.o)
 .bss           0x00010ef8        0x0 c:/altera/12.1sp1/nios2eds/bin/gnu/h-i686-mingw32/bin/../lib/gcc/nios2-elf/4.1.2/../../../../nios2-elf/lib/mno-hw-mul\libc.a(lib_a-memchr.o)
 .bss           0x00010ef8        0x0 c:/altera/12.1sp1/nios2eds/bin/gnu/h-i686-mingw32/bin/../lib/gcc/nios2-elf/4.1.2/../../../../nios2-elf/lib/mno-hw-mul\libc.a(lib_a-memcpy.o)
 .bss           0x00010ef8        0x0 c:/altera/12.1sp1/nios2eds/bin/gnu/h-i686-mingw32/bin/../lib/gcc/nios2-elf/4.1.2/../../../../nios2-elf/lib/mno-hw-mul\libc.a(lib_a-memmove.o)
 .bss           0x00010ef8        0x0 c:/altera/12.1sp1/nios2eds/bin/gnu/h-i686-mingw32/bin/../lib/gcc/nios2-elf/4.1.2/../../../../nios2-elf/lib/mno-hw-mul\libc.a(lib_a-memset.o)
 .bss           0x00010ef8        0x0 c:/altera/12.1sp1/nios2eds/bin/gnu/h-i686-mingw32/bin/../lib/gcc/nios2-elf/4.1.2/../../../../nios2-elf/lib/mno-hw-mul\libc.a(lib_a-mprec.o)
 .bss           0x00010ef8        0x0 c:/altera/12.1sp1/nios2eds/bin/gnu/h-i686-mingw32/bin/../lib/gcc/nios2-elf/4.1.2/../../../../nios2-elf/lib/mno-hw-mul\libc.a(lib_a-reallocr.o)
 .bss           0x00010ef8        0x0 c:/altera/12.1sp1/nios2eds/bin/gnu/h-i686-mingw32/bin/../lib/gcc/nios2-elf/4.1.2/../../../../nios2-elf/lib/mno-hw-mul\libc.a(lib_a-s_isinfd.o)
 .bss           0x00010ef8        0x0 c:/altera/12.1sp1/nios2eds/bin/gnu/h-i686-mingw32/bin/../lib/gcc/nios2-elf/4.1.2/../../../../nios2-elf/lib/mno-hw-mul\libc.a(lib_a-s_isnand.o)
 .bss           0x00010ef8        0x0 c:/altera/12.1sp1/nios2eds/bin/gnu/h-i686-mingw32/bin/../lib/gcc/nios2-elf/4.1.2/../../../../nios2-elf/lib/mno-hw-mul\libc.a(lib_a-stdio.o)
 .bss           0x00010ef8        0x0 c:/altera/12.1sp1/nios2eds/bin/gnu/h-i686-mingw32/bin/../lib/gcc/nios2-elf/4.1.2/../../../../nios2-elf/lib/mno-hw-mul\libc.a(lib_a-strcmp.o)
 .bss           0x00010ef8        0x0 c:/altera/12.1sp1/nios2eds/bin/gnu/h-i686-mingw32/bin/../lib/gcc/nios2-elf/4.1.2/../../../../nios2-elf/lib/mno-hw-mul\libc.a(lib_a-writer.o)
 .bss           0x00010ef8        0x0 c:/altera/12.1sp1/nios2eds/bin/gnu/h-i686-mingw32/bin/../lib/gcc/nios2-elf/4.1.2/../../../../nios2-elf/lib/mno-hw-mul\libc.a(lib_a-callocr.o)
 .bss           0x00010ef8        0x0 c:/altera/12.1sp1/nios2eds/bin/gnu/h-i686-mingw32/bin/../lib/gcc/nios2-elf/4.1.2/../../../../nios2-elf/lib/mno-hw-mul\libc.a(lib_a-closer.o)
 .bss           0x00010ef8        0x0 c:/altera/12.1sp1/nios2eds/bin/gnu/h-i686-mingw32/bin/../lib/gcc/nios2-elf/4.1.2/../../../../nios2-elf/lib/mno-hw-mul\libc.a(lib_a-fclose.o)
 .bss           0x00010ef8        0x0 c:/altera/12.1sp1/nios2eds/bin/gnu/h-i686-mingw32/bin/../lib/gcc/nios2-elf/4.1.2/../../../../nios2-elf/lib/mno-hw-mul\libc.a(lib_a-fstatr.o)
 .bss           0x00010ef8        0x0 c:/altera/12.1sp1/nios2eds/bin/gnu/h-i686-mingw32/bin/../lib/gcc/nios2-elf/4.1.2/../../../../nios2-elf/lib/mno-hw-mul\libc.a(lib_a-isattyr.o)
 .bss           0x00010ef8        0x0 c:/altera/12.1sp1/nios2eds/bin/gnu/h-i686-mingw32/bin/../lib/gcc/nios2-elf/4.1.2/../../../../nios2-elf/lib/mno-hw-mul\libc.a(lib_a-lseekr.o)
 .bss           0x00010ef8        0x0 c:/altera/12.1sp1/nios2eds/bin/gnu/h-i686-mingw32/bin/../lib/gcc/nios2-elf/4.1.2/../../../../nios2-elf/lib/mno-hw-mul\libc.a(lib_a-readr.o)
 .bss           0x00010ef8        0x0 c:/altera/12.1sp1/nios2eds/bin/gnu/h-i686-mingw32/bin/../lib/gcc/nios2-elf/4.1.2/mno-hw-mul\libgcc.a(_udivdi3.o)
 .bss           0x00010ef8        0x0 c:/altera/12.1sp1/nios2eds/bin/gnu/h-i686-mingw32/bin/../lib/gcc/nios2-elf/4.1.2/mno-hw-mul\libgcc.a(_umoddi3.o)
 .bss           0x00010ef8        0x0 c:/altera/12.1sp1/nios2eds/bin/gnu/h-i686-mingw32/bin/../lib/gcc/nios2-elf/4.1.2/mno-hw-mul\libgcc.a(_addsub_df.o)
 .bss           0x00010ef8        0x0 c:/altera/12.1sp1/nios2eds/bin/gnu/h-i686-mingw32/bin/../lib/gcc/nios2-elf/4.1.2/mno-hw-mul\libgcc.a(_mul_df.o)
 .bss           0x00010ef8        0x0 c:/altera/12.1sp1/nios2eds/bin/gnu/h-i686-mingw32/bin/../lib/gcc/nios2-elf/4.1.2/mno-hw-mul\libgcc.a(_div_df.o)
 .bss           0x00010ef8        0x0 c:/altera/12.1sp1/nios2eds/bin/gnu/h-i686-mingw32/bin/../lib/gcc/nios2-elf/4.1.2/mno-hw-mul\libgcc.a(_eq_df.o)
 .bss           0x00010ef8        0x0 c:/altera/12.1sp1/nios2eds/bin/gnu/h-i686-mingw32/bin/../lib/gcc/nios2-elf/4.1.2/mno-hw-mul\libgcc.a(_ne_df.o)
 .bss           0x00010ef8        0x0 c:/altera/12.1sp1/nios2eds/bin/gnu/h-i686-mingw32/bin/../lib/gcc/nios2-elf/4.1.2/mno-hw-mul\libgcc.a(_gt_df.o)
 .bss           0x00010ef8        0x0 c:/altera/12.1sp1/nios2eds/bin/gnu/h-i686-mingw32/bin/../lib/gcc/nios2-elf/4.1.2/mno-hw-mul\libgcc.a(_ge_df.o)
 .bss           0x00010ef8        0x0 c:/altera/12.1sp1/nios2eds/bin/gnu/h-i686-mingw32/bin/../lib/gcc/nios2-elf/4.1.2/mno-hw-mul\libgcc.a(_lt_df.o)
 .bss           0x00010ef8        0x0 c:/altera/12.1sp1/nios2eds/bin/gnu/h-i686-mingw32/bin/../lib/gcc/nios2-elf/4.1.2/mno-hw-mul\libgcc.a(_si_to_df.o)
 .bss           0x00010ef8        0x0 c:/altera/12.1sp1/nios2eds/bin/gnu/h-i686-mingw32/bin/../lib/gcc/nios2-elf/4.1.2/mno-hw-mul\libgcc.a(_df_to_si.o)
 .bss           0x00010ef8        0x0 c:/altera/12.1sp1/nios2eds/bin/gnu/h-i686-mingw32/bin/../lib/gcc/nios2-elf/4.1.2/mno-hw-mul\libgcc.a(_thenan_df.o)
 .bss           0x00010ef8        0x0 c:/altera/12.1sp1/nios2eds/bin/gnu/h-i686-mingw32/bin/../lib/gcc/nios2-elf/4.1.2/mno-hw-mul\libgcc.a(_usi_to_df.o)
 .bss           0x00010ef8        0x0 c:/altera/12.1sp1/nios2eds/bin/gnu/h-i686-mingw32/bin/../lib/gcc/nios2-elf/4.1.2/mno-hw-mul\libgcc.a(_muldi3.o)
 .bss           0x00010ef8        0x0 c:/altera/12.1sp1/nios2eds/bin/gnu/h-i686-mingw32/bin/../lib/gcc/nios2-elf/4.1.2/mno-hw-mul\libgcc.a(_clz.o)
 .bss           0x00010ef8        0x0 c:/altera/12.1sp1/nios2eds/bin/gnu/h-i686-mingw32/bin/../lib/gcc/nios2-elf/4.1.2/mno-hw-mul\libgcc.a(_clzsi2.o)
 .bss           0x00010ef8        0x0 c:/altera/12.1sp1/nios2eds/bin/gnu/h-i686-mingw32/bin/../lib/gcc/nios2-elf/4.1.2/mno-hw-mul\libgcc.a(_pack_df.o)
 .bss           0x00010ef8        0x0 c:/altera/12.1sp1/nios2eds/bin/gnu/h-i686-mingw32/bin/../lib/gcc/nios2-elf/4.1.2/mno-hw-mul\libgcc.a(_unpack_df.o)
 .bss           0x00010ef8        0x0 c:/altera/12.1sp1/nios2eds/bin/gnu/h-i686-mingw32/bin/../lib/gcc/nios2-elf/4.1.2/mno-hw-mul\libgcc.a(_fpcmp_parts_df.o)
 .bss           0x00010ef8        0x0 C:/Users/abschmidt/workspace/ProjectOne_bsp/\libhal_bsp.a(alt_alarm_start.o)
 .bss           0x00010ef8        0x0 C:/Users/abschmidt/workspace/ProjectOne_bsp/\libhal_bsp.a(alt_close.o)
 .bss           0x00010ef8        0x0 C:/Users/abschmidt/workspace/ProjectOne_bsp/\libhal_bsp.a(alt_dev.o)
 .bss           0x00010ef8        0x0 C:/Users/abschmidt/workspace/ProjectOne_bsp/\libhal_bsp.a(alt_errno.o)
 .bss           0x00010ef8        0x0 C:/Users/abschmidt/workspace/ProjectOne_bsp/\libhal_bsp.a(alt_fstat.o)
 .bss           0x00010ef8        0x0 C:/Users/abschmidt/workspace/ProjectOne_bsp/\libhal_bsp.a(alt_isatty.o)
 .bss           0x00010ef8        0x0 C:/Users/abschmidt/workspace/ProjectOne_bsp/\libhal_bsp.a(alt_load.o)
 .bss           0x00010ef8        0x0 C:/Users/abschmidt/workspace/ProjectOne_bsp/\libhal_bsp.a(alt_lseek.o)
 .bss           0x00010ef8        0x0 C:/Users/abschmidt/workspace/ProjectOne_bsp/\libhal_bsp.a(alt_main.o)
 .bss           0x00010ef8        0x0 C:/Users/abschmidt/workspace/ProjectOne_bsp/\libhal_bsp.a(alt_malloc_lock.o)
 .bss           0x00010ef8        0x0 C:/Users/abschmidt/workspace/ProjectOne_bsp/\libhal_bsp.a(alt_printf.o)
 .bss           0x00010ef8        0x0 C:/Users/abschmidt/workspace/ProjectOne_bsp/\libhal_bsp.a(alt_putchar.o)
 .bss           0x00010ef8        0x0 C:/Users/abschmidt/workspace/ProjectOne_bsp/\libhal_bsp.a(alt_read.o)
 .bss           0x00010ef8        0x0 C:/Users/abschmidt/workspace/ProjectOne_bsp/\libhal_bsp.a(alt_release_fd.o)
 .bss           0x00010ef8        0x0 C:/Users/abschmidt/workspace/ProjectOne_bsp/\libhal_bsp.a(alt_sbrk.o)
 .bss           0x00010ef8        0x0 C:/Users/abschmidt/workspace/ProjectOne_bsp/\libhal_bsp.a(alt_tick.o)
 .bss           0x00010ef8        0x0 C:/Users/abschmidt/workspace/ProjectOne_bsp/\libhal_bsp.a(alt_write.o)
 .bss           0x00010ef8        0x0 C:/Users/abschmidt/workspace/ProjectOne_bsp/\libhal_bsp.a(alt_sys_init.o)
 .bss           0x00010ef8        0x0 C:/Users/abschmidt/workspace/ProjectOne_bsp/\libhal_bsp.a(altera_avalon_jtag_uart_fd.o)
 .bss           0x00010ef8        0x0 C:/Users/abschmidt/workspace/ProjectOne_bsp/\libhal_bsp.a(altera_avalon_jtag_uart_init.o)
 .bss           0x00010ef8        0x0 C:/Users/abschmidt/workspace/ProjectOne_bsp/\libhal_bsp.a(altera_avalon_jtag_uart_ioctl.o)
 .bss           0x00010ef8        0x0 C:/Users/abschmidt/workspace/ProjectOne_bsp/\libhal_bsp.a(altera_avalon_jtag_uart_read.o)
 .bss           0x00010ef8        0x0 C:/Users/abschmidt/workspace/ProjectOne_bsp/\libhal_bsp.a(altera_avalon_jtag_uart_write.o)
 .bss           0x00010ef8        0x0 C:/Users/abschmidt/workspace/ProjectOne_bsp/\libhal_bsp.a(altera_avalon_timer_sc.o)
 .bss           0x00010ef8        0x0 C:/Users/abschmidt/workspace/ProjectOne_bsp/\libhal_bsp.a(alt_dcache_flush_all.o)
 .bss           0x00010ef8        0x0 C:/Users/abschmidt/workspace/ProjectOne_bsp/\libhal_bsp.a(alt_dev_llist_insert.o)
 .bss           0x00010ef8        0x0 C:/Users/abschmidt/workspace/ProjectOne_bsp/\libhal_bsp.a(alt_do_ctors.o)
 .bss           0x00010ef8        0x0 C:/Users/abschmidt/workspace/ProjectOne_bsp/\libhal_bsp.a(alt_do_dtors.o)
 .bss           0x00010ef8        0x0 C:/Users/abschmidt/workspace/ProjectOne_bsp/\libhal_bsp.a(alt_icache_flush_all.o)
 .bss           0x00010ef8        0x0 C:/Users/abschmidt/workspace/ProjectOne_bsp/\libhal_bsp.a(alt_iic.o)
 .bss           0x00010ef8        0x0 C:/Users/abschmidt/workspace/ProjectOne_bsp/\libhal_bsp.a(alt_iic_isr_register.o)
 .bss           0x00010ef8        0x0 C:/Users/abschmidt/workspace/ProjectOne_bsp/\libhal_bsp.a(alt_io_redirect.o)
 .bss           0x00010ef8        0x0 C:/Users/abschmidt/workspace/ProjectOne_bsp/\libhal_bsp.a(alt_irq_entry.o)
 .bss           0x00010ef8        0x0 C:/Users/abschmidt/workspace/ProjectOne_bsp/\libhal_bsp.a(alt_irq_handler.o)
 .bss           0x00010ef8        0x0 C:/Users/abschmidt/workspace/ProjectOne_bsp/\libhal_bsp.a(alt_irq_vars.o)
 .bss           0x00010ef8        0x0 C:/Users/abschmidt/workspace/ProjectOne_bsp/\libhal_bsp.a(alt_open.o)
 .bss           0x00010ef8        0x0 C:/Users/abschmidt/workspace/ProjectOne_bsp/\libhal_bsp.a(altera_nios2_irq.o)
 .bss           0x00010ef8        0x0 C:/Users/abschmidt/workspace/ProjectOne_bsp/\libhal_bsp.a(alt_exception_entry.o)
 .bss           0x00010ef8        0x0 C:/Users/abschmidt/workspace/ProjectOne_bsp/\libhal_bsp.a(alt_find_dev.o)
 .bss           0x00010ef8        0x0 C:/Users/abschmidt/workspace/ProjectOne_bsp/\libhal_bsp.a(alt_find_file.o)
 .bss           0x00010ef8        0x0 C:/Users/abschmidt/workspace/ProjectOne_bsp/\libhal_bsp.a(alt_get_fd.o)
 .bss           0x00010ef8        0x0 c:/altera/12.1sp1/nios2eds/bin/gnu/h-i686-mingw32/bin/../lib/gcc/nios2-elf/4.1.2/../../../../nios2-elf/lib/mno-hw-mul\libc.a(lib_a-atexit.o)
 .bss           0x00010ef8        0x0 c:/altera/12.1sp1/nios2eds/bin/gnu/h-i686-mingw32/bin/../lib/gcc/nios2-elf/4.1.2/../../../../nios2-elf/lib/mno-hw-mul\libc.a(lib_a-exit.o)
 .bss           0x00010ef8        0x0 c:/altera/12.1sp1/nios2eds/bin/gnu/h-i686-mingw32/bin/../lib/gcc/nios2-elf/4.1.2/../../../../nios2-elf/lib/mno-hw-mul\libc.a(lib_a-memcmp.o)
 .bss           0x00010ef8        0x0 c:/altera/12.1sp1/nios2eds/bin/gnu/h-i686-mingw32/bin/../lib/gcc/nios2-elf/4.1.2/../../../../nios2-elf/lib/mno-hw-mul\libc.a(lib_a-putc.o)
 .bss           0x00010ef8        0x0 c:/altera/12.1sp1/nios2eds/bin/gnu/h-i686-mingw32/bin/../lib/gcc/nios2-elf/4.1.2/../../../../nios2-elf/lib/mno-hw-mul\libc.a(lib_a-wbuf.o)
 .bss           0x00010ef8        0x0 c:/altera/12.1sp1/nios2eds/bin/gnu/h-i686-mingw32/bin/../lib/gcc/nios2-elf/4.1.2/../../../../nios2-elf/lib/mno-hw-mul\libc.a(lib_a-__atexit.o)
 .bss           0x00010ef8        0x0 c:/altera/12.1sp1/nios2eds/bin/gnu/h-i686-mingw32/bin/../lib/gcc/nios2-elf/4.1.2/../../../../nios2-elf/lib/mno-hw-mul\libc.a(lib_a-__call_atexit.o)
 .bss           0x00010ef8        0x0 C:/Users/abschmidt/workspace/ProjectOne_bsp/\libhal_bsp.a(alt_exit.o)
 *(COMMON)
 COMMON         0x00010ef8       0x18 obj/default/alarm_handler.o
                0x00010ef8                alarm
 COMMON         0x00010f10      0x150 obj/default/tcb.o
                0x00010f10                threads
 COMMON         0x00011060      0x100 C:/Users/abschmidt/workspace/ProjectOne_bsp/\libhal_bsp.a(alt_irq_handler.o)
                0x00011060                alt_irq
 COMMON         0x00011160      0x190 c:/altera/12.1sp1/nios2eds/bin/gnu/h-i686-mingw32/bin/../lib/gcc/nios2-elf/4.1.2/../../../../nios2-elf/lib/mno-hw-mul\libc.a(lib_a-atexit.o)
                0x00011160                _atexit0
                0x000112f0                . = ALIGN (0x4)
                0x000112f0                __bss_end = ABSOLUTE (.)

.SDRAM          0x000112f0        0x0
                0x000112f0                PROVIDE (_alt_partition_SDRAM_start, ABSOLUTE (.))
 *(.SDRAM. SDRAM.*)
                0x000112f0                . = ALIGN (0x4)
                0x000112f0                PROVIDE (_alt_partition_SDRAM_end, ABSOLUTE (.))
                0x000112f0                _end = ABSOLUTE (.)
                0x000112f0                end = ABSOLUTE (.)
                0x000112f0                __alt_stack_base = ABSOLUTE (.)
                0x000112f0                PROVIDE (_alt_partition_SDRAM_load_addr, LOADADDR (.SDRAM))

.SRAM           0x08000000        0x0 load address 0x000112f0
                0x08000000                PROVIDE (_alt_partition_SRAM_start, ABSOLUTE (.))
 *(.SRAM. SRAM.*)
                0x08000000                . = ALIGN (0x4)
                0x08000000                PROVIDE (_alt_partition_SRAM_end, ABSOLUTE (.))
                0x000112f0                PROVIDE (_alt_partition_SRAM_load_addr, LOADADDR (.SRAM))

.Onchip_memory  0x09000000        0x0 load address 0x000112f0
                0x09000000                PROVIDE (_alt_partition_Onchip_memory_start, ABSOLUTE (.))
 *(.Onchip_memory. Onchip_memory.*)
                0x09000000                . = ALIGN (0x4)
                0x09000000                PROVIDE (_alt_partition_Onchip_memory_end, ABSOLUTE (.))
                0x000112f0                PROVIDE (_alt_partition_Onchip_memory_load_addr, LOADADDR (.Onchip_memory))

.stab
 *(.stab)

.stabstr
 *(.stabstr)

.stab.excl
 *(.stab.excl)

.stab.exclstr
 *(.stab.exclstr)

.stab.index
 *(.stab.index)

.stab.indexstr
 *(.stab.indexstr)

.comment        0x00000000       0x26
 *(.comment)
 .comment       0x00000000       0x26 obj/default/alarm_handler.o
                                 0x27 (size before relaxing)
 .comment       0x00000000       0x27 obj/default/project1.o
 .comment       0x00000000       0x27 obj/default/tcb.o
 .comment       0x00000000       0x27 c:/altera/12.1sp1/nios2eds/bin/gnu/h-i686-mingw32/bin/../lib/gcc/nios2-elf/4.1.2/mno-hw-mul\libgcc.a(lib2-divmod.o)
 .comment       0x00000000       0x27 c:/altera/12.1sp1/nios2eds/bin/gnu/h-i686-mingw32/bin/../lib/gcc/nios2-elf/4.1.2/mno-hw-mul\libgcc.a(lib2-mul.o)
 .comment       0x00000000       0x27 c:/altera/12.1sp1/nios2eds/bin/gnu/h-i686-mingw32/bin/../lib/gcc/nios2-elf/4.1.2/../../../../nios2-elf/lib/mno-hw-mul\libc.a(lib_a-malloc.o)
 .comment       0x00000000       0x27 c:/altera/12.1sp1/nios2eds/bin/gnu/h-i686-mingw32/bin/../lib/gcc/nios2-elf/4.1.2/../../../../nios2-elf/lib/mno-hw-mul\libc.a(lib_a-mallocr.o)
 .comment       0x00000000       0x27 c:/altera/12.1sp1/nios2eds/bin/gnu/h-i686-mingw32/bin/../lib/gcc/nios2-elf/4.1.2/../../../../nios2-elf/lib/mno-hw-mul\libc.a(lib_a-printf.o)
 .comment       0x00000000       0x27 c:/altera/12.1sp1/nios2eds/bin/gnu/h-i686-mingw32/bin/../lib/gcc/nios2-elf/4.1.2/../../../../nios2-elf/lib/mno-hw-mul\libc.a(lib_a-puts.o)
 .comment       0x00000000       0x27 c:/altera/12.1sp1/nios2eds/bin/gnu/h-i686-mingw32/bin/../lib/gcc/nios2-elf/4.1.2/../../../../nios2-elf/lib/mno-hw-mul\libc.a(lib_a-sbrkr.o)
 .comment       0x00000000       0x27 c:/altera/12.1sp1/nios2eds/bin/gnu/h-i686-mingw32/bin/../lib/gcc/nios2-elf/4.1.2/../../../../nios2-elf/lib/mno-hw-mul\libc.a(lib_a-strlen.o)
 .comment       0x00000000       0x27 c:/altera/12.1sp1/nios2eds/bin/gnu/h-i686-mingw32/bin/../lib/gcc/nios2-elf/4.1.2/../../../../nios2-elf/lib/mno-hw-mul\libc.a(lib_a-vfprintf.o)
 .comment       0x00000000       0x27 c:/altera/12.1sp1/nios2eds/bin/gnu/h-i686-mingw32/bin/../lib/gcc/nios2-elf/4.1.2/../../../../nios2-elf/lib/mno-hw-mul\libc.a(lib_a-wsetup.o)
 .comment       0x00000000       0x27 c:/altera/12.1sp1/nios2eds/bin/gnu/h-i686-mingw32/bin/../lib/gcc/nios2-elf/4.1.2/../../../../nios2-elf/lib/mno-hw-mul\libc.a(lib_a-dtoa.o)
 .comment       0x00000000       0x27 c:/altera/12.1sp1/nios2eds/bin/gnu/h-i686-mingw32/bin/../lib/gcc/nios2-elf/4.1.2/../../../../nios2-elf/lib/mno-hw-mul\libc.a(lib_a-fflush.o)
 .comment       0x00000000       0x27 c:/altera/12.1sp1/nios2eds/bin/gnu/h-i686-mingw32/bin/../lib/gcc/nios2-elf/4.1.2/../../../../nios2-elf/lib/mno-hw-mul\libc.a(lib_a-findfp.o)
 .comment       0x00000000       0x27 c:/altera/12.1sp1/nios2eds/bin/gnu/h-i686-mingw32/bin/../lib/gcc/nios2-elf/4.1.2/../../../../nios2-elf/lib/mno-hw-mul\libc.a(lib_a-freer.o)
 .comment       0x00000000       0x27 c:/altera/12.1sp1/nios2eds/bin/gnu/h-i686-mingw32/bin/../lib/gcc/nios2-elf/4.1.2/../../../../nios2-elf/lib/mno-hw-mul\libc.a(lib_a-fvwrite.o)
 .comment       0x00000000       0x27 c:/altera/12.1sp1/nios2eds/bin/gnu/h-i686-mingw32/bin/../lib/gcc/nios2-elf/4.1.2/../../../../nios2-elf/lib/mno-hw-mul\libc.a(lib_a-fwalk.o)
 .comment       0x00000000       0x27 c:/altera/12.1sp1/nios2eds/bin/gnu/h-i686-mingw32/bin/../lib/gcc/nios2-elf/4.1.2/../../../../nios2-elf/lib/mno-hw-mul\libc.a(lib_a-impure.o)
 .comment       0x00000000       0x27 c:/altera/12.1sp1/nios2eds/bin/gnu/h-i686-mingw32/bin/../lib/gcc/nios2-elf/4.1.2/../../../../nios2-elf/lib/mno-hw-mul\libc.a(lib_a-int_errno.o)
 .comment       0x00000000       0x27 c:/altera/12.1sp1/nios2eds/bin/gnu/h-i686-mingw32/bin/../lib/gcc/nios2-elf/4.1.2/../../../../nios2-elf/lib/mno-hw-mul\libc.a(lib_a-locale.o)
 .comment       0x00000000       0x27 c:/altera/12.1sp1/nios2eds/bin/gnu/h-i686-mingw32/bin/../lib/gcc/nios2-elf/4.1.2/../../../../nios2-elf/lib/mno-hw-mul\libc.a(lib_a-makebuf.o)
 .comment       0x00000000       0x27 c:/altera/12.1sp1/nios2eds/bin/gnu/h-i686-mingw32/bin/../lib/gcc/nios2-elf/4.1.2/../../../../nios2-elf/lib/mno-hw-mul\libc.a(lib_a-memchr.o)
 .comment       0x00000000       0x27 c:/altera/12.1sp1/nios2eds/bin/gnu/h-i686-mingw32/bin/../lib/gcc/nios2-elf/4.1.2/../../../../nios2-elf/lib/mno-hw-mul\libc.a(lib_a-memcpy.o)
 .comment       0x00000000       0x27 c:/altera/12.1sp1/nios2eds/bin/gnu/h-i686-mingw32/bin/../lib/gcc/nios2-elf/4.1.2/../../../../nios2-elf/lib/mno-hw-mul\libc.a(lib_a-memmove.o)
 .comment       0x00000000       0x27 c:/altera/12.1sp1/nios2eds/bin/gnu/h-i686-mingw32/bin/../lib/gcc/nios2-elf/4.1.2/../../../../nios2-elf/lib/mno-hw-mul\libc.a(lib_a-memset.o)
 .comment       0x00000000       0x27 c:/altera/12.1sp1/nios2eds/bin/gnu/h-i686-mingw32/bin/../lib/gcc/nios2-elf/4.1.2/../../../../nios2-elf/lib/mno-hw-mul\libc.a(lib_a-mprec.o)
 .comment       0x00000000       0x27 c:/altera/12.1sp1/nios2eds/bin/gnu/h-i686-mingw32/bin/../lib/gcc/nios2-elf/4.1.2/../../../../nios2-elf/lib/mno-hw-mul\libc.a(lib_a-reallocr.o)
 .comment       0x00000000       0x27 c:/altera/12.1sp1/nios2eds/bin/gnu/h-i686-mingw32/bin/../lib/gcc/nios2-elf/4.1.2/../../../../nios2-elf/lib/mno-hw-mul\libc.a(lib_a-s_isinfd.o)
 .comment       0x00000000       0x27 c:/altera/12.1sp1/nios2eds/bin/gnu/h-i686-mingw32/bin/../lib/gcc/nios2-elf/4.1.2/../../../../nios2-elf/lib/mno-hw-mul\libc.a(lib_a-s_isnand.o)
 .comment       0x00000000       0x27 c:/altera/12.1sp1/nios2eds/bin/gnu/h-i686-mingw32/bin/../lib/gcc/nios2-elf/4.1.2/../../../../nios2-elf/lib/mno-hw-mul\libc.a(lib_a-stdio.o)
 .comment       0x00000000       0x27 c:/altera/12.1sp1/nios2eds/bin/gnu/h-i686-mingw32/bin/../lib/gcc/nios2-elf/4.1.2/../../../../nios2-elf/lib/mno-hw-mul\libc.a(lib_a-strcmp.o)
 .comment       0x00000000       0x27 c:/altera/12.1sp1/nios2eds/bin/gnu/h-i686-mingw32/bin/../lib/gcc/nios2-elf/4.1.2/../../../../nios2-elf/lib/mno-hw-mul\libc.a(lib_a-writer.o)
 .comment       0x00000000       0x27 c:/altera/12.1sp1/nios2eds/bin/gnu/h-i686-mingw32/bin/../lib/gcc/nios2-elf/4.1.2/../../../../nios2-elf/lib/mno-hw-mul\libc.a(lib_a-callocr.o)
 .comment       0x00000000       0x27 c:/altera/12.1sp1/nios2eds/bin/gnu/h-i686-mingw32/bin/../lib/gcc/nios2-elf/4.1.2/../../../../nios2-elf/lib/mno-hw-mul\libc.a(lib_a-closer.o)
 .comment       0x00000000       0x27 c:/altera/12.1sp1/nios2eds/bin/gnu/h-i686-mingw32/bin/../lib/gcc/nios2-elf/4.1.2/../../../../nios2-elf/lib/mno-hw-mul\libc.a(lib_a-fclose.o)
 .comment       0x00000000       0x27 c:/altera/12.1sp1/nios2eds/bin/gnu/h-i686-mingw32/bin/../lib/gcc/nios2-elf/4.1.2/../../../../nios2-elf/lib/mno-hw-mul\libc.a(lib_a-fstatr.o)
 .comment       0x00000000       0x27 c:/altera/12.1sp1/nios2eds/bin/gnu/h-i686-mingw32/bin/../lib/gcc/nios2-elf/4.1.2/../../../../nios2-elf/lib/mno-hw-mul\libc.a(lib_a-isattyr.o)
 .comment       0x00000000       0x27 c:/altera/12.1sp1/nios2eds/bin/gnu/h-i686-mingw32/bin/../lib/gcc/nios2-elf/4.1.2/../../../../nios2-elf/lib/mno-hw-mul\libc.a(lib_a-lseekr.o)
 .comment       0x00000000       0x27 c:/altera/12.1sp1/nios2eds/bin/gnu/h-i686-mingw32/bin/../lib/gcc/nios2-elf/4.1.2/../../../../nios2-elf/lib/mno-hw-mul\libc.a(lib_a-readr.o)
 .comment       0x00000000       0x27 c:/altera/12.1sp1/nios2eds/bin/gnu/h-i686-mingw32/bin/../lib/gcc/nios2-elf/4.1.2/mno-hw-mul\libgcc.a(_udivdi3.o)
 .comment       0x00000000       0x27 c:/altera/12.1sp1/nios2eds/bin/gnu/h-i686-mingw32/bin/../lib/gcc/nios2-elf/4.1.2/mno-hw-mul\libgcc.a(_umoddi3.o)
 .comment       0x00000000       0x27 c:/altera/12.1sp1/nios2eds/bin/gnu/h-i686-mingw32/bin/../lib/gcc/nios2-elf/4.1.2/mno-hw-mul\libgcc.a(_addsub_df.o)
 .comment       0x00000000       0x27 c:/altera/12.1sp1/nios2eds/bin/gnu/h-i686-mingw32/bin/../lib/gcc/nios2-elf/4.1.2/mno-hw-mul\libgcc.a(_mul_df.o)
 .comment       0x00000000       0x27 c:/altera/12.1sp1/nios2eds/bin/gnu/h-i686-mingw32/bin/../lib/gcc/nios2-elf/4.1.2/mno-hw-mul\libgcc.a(_div_df.o)
 .comment       0x00000000       0x27 c:/altera/12.1sp1/nios2eds/bin/gnu/h-i686-mingw32/bin/../lib/gcc/nios2-elf/4.1.2/mno-hw-mul\libgcc.a(_eq_df.o)
 .comment       0x00000000       0x27 c:/altera/12.1sp1/nios2eds/bin/gnu/h-i686-mingw32/bin/../lib/gcc/nios2-elf/4.1.2/mno-hw-mul\libgcc.a(_ne_df.o)
 .comment       0x00000000       0x27 c:/altera/12.1sp1/nios2eds/bin/gnu/h-i686-mingw32/bin/../lib/gcc/nios2-elf/4.1.2/mno-hw-mul\libgcc.a(_gt_df.o)
 .comment       0x00000000       0x27 c:/altera/12.1sp1/nios2eds/bin/gnu/h-i686-mingw32/bin/../lib/gcc/nios2-elf/4.1.2/mno-hw-mul\libgcc.a(_ge_df.o)
 .comment       0x00000000       0x27 c:/altera/12.1sp1/nios2eds/bin/gnu/h-i686-mingw32/bin/../lib/gcc/nios2-elf/4.1.2/mno-hw-mul\libgcc.a(_lt_df.o)
 .comment       0x00000000       0x27 c:/altera/12.1sp1/nios2eds/bin/gnu/h-i686-mingw32/bin/../lib/gcc/nios2-elf/4.1.2/mno-hw-mul\libgcc.a(_si_to_df.o)
 .comment       0x00000000       0x27 c:/altera/12.1sp1/nios2eds/bin/gnu/h-i686-mingw32/bin/../lib/gcc/nios2-elf/4.1.2/mno-hw-mul\libgcc.a(_df_to_si.o)
 .comment       0x00000000       0x27 c:/altera/12.1sp1/nios2eds/bin/gnu/h-i686-mingw32/bin/../lib/gcc/nios2-elf/4.1.2/mno-hw-mul\libgcc.a(_thenan_df.o)
 .comment       0x00000000       0x27 c:/altera/12.1sp1/nios2eds/bin/gnu/h-i686-mingw32/bin/../lib/gcc/nios2-elf/4.1.2/mno-hw-mul\libgcc.a(_usi_to_df.o)
 .comment       0x00000000       0x27 c:/altera/12.1sp1/nios2eds/bin/gnu/h-i686-mingw32/bin/../lib/gcc/nios2-elf/4.1.2/mno-hw-mul\libgcc.a(_muldi3.o)
 .comment       0x00000000       0x27 c:/altera/12.1sp1/nios2eds/bin/gnu/h-i686-mingw32/bin/../lib/gcc/nios2-elf/4.1.2/mno-hw-mul\libgcc.a(_clz.o)
 .comment       0x00000000       0x27 c:/altera/12.1sp1/nios2eds/bin/gnu/h-i686-mingw32/bin/../lib/gcc/nios2-elf/4.1.2/mno-hw-mul\libgcc.a(_clzsi2.o)
 .comment       0x00000000       0x27 c:/altera/12.1sp1/nios2eds/bin/gnu/h-i686-mingw32/bin/../lib/gcc/nios2-elf/4.1.2/mno-hw-mul\libgcc.a(_pack_df.o)
 .comment       0x00000000       0x27 c:/altera/12.1sp1/nios2eds/bin/gnu/h-i686-mingw32/bin/../lib/gcc/nios2-elf/4.1.2/mno-hw-mul\libgcc.a(_unpack_df.o)
 .comment       0x00000000       0x27 c:/altera/12.1sp1/nios2eds/bin/gnu/h-i686-mingw32/bin/../lib/gcc/nios2-elf/4.1.2/mno-hw-mul\libgcc.a(_fpcmp_parts_df.o)
 .comment       0x00000000       0x27 C:/Users/abschmidt/workspace/ProjectOne_bsp/\libhal_bsp.a(alt_alarm_start.o)
 .comment       0x00000000       0x27 C:/Users/abschmidt/workspace/ProjectOne_bsp/\libhal_bsp.a(alt_close.o)
 .comment       0x00000000       0x27 C:/Users/abschmidt/workspace/ProjectOne_bsp/\libhal_bsp.a(alt_dev.o)
 .comment       0x00000000       0x27 C:/Users/abschmidt/workspace/ProjectOne_bsp/\libhal_bsp.a(alt_errno.o)
 .comment       0x00000000       0x27 C:/Users/abschmidt/workspace/ProjectOne_bsp/\libhal_bsp.a(alt_fstat.o)
 .comment       0x00000000       0x27 C:/Users/abschmidt/workspace/ProjectOne_bsp/\libhal_bsp.a(alt_isatty.o)
 .comment       0x00000000       0x27 C:/Users/abschmidt/workspace/ProjectOne_bsp/\libhal_bsp.a(alt_load.o)
 .comment       0x00000000       0x27 C:/Users/abschmidt/workspace/ProjectOne_bsp/\libhal_bsp.a(alt_lseek.o)
 .comment       0x00000000       0x27 C:/Users/abschmidt/workspace/ProjectOne_bsp/\libhal_bsp.a(alt_main.o)
 .comment       0x00000000       0x27 C:/Users/abschmidt/workspace/ProjectOne_bsp/\libhal_bsp.a(alt_malloc_lock.o)
 .comment       0x00000000       0x27 C:/Users/abschmidt/workspace/ProjectOne_bsp/\libhal_bsp.a(alt_printf.o)
 .comment       0x00000000       0x27 C:/Users/abschmidt/workspace/ProjectOne_bsp/\libhal_bsp.a(alt_putchar.o)
 .comment       0x00000000       0x27 C:/Users/abschmidt/workspace/ProjectOne_bsp/\libhal_bsp.a(alt_read.o)
 .comment       0x00000000       0x27 C:/Users/abschmidt/workspace/ProjectOne_bsp/\libhal_bsp.a(alt_release_fd.o)
 .comment       0x00000000       0x27 C:/Users/abschmidt/workspace/ProjectOne_bsp/\libhal_bsp.a(alt_sbrk.o)
 .comment       0x00000000       0x27 C:/Users/abschmidt/workspace/ProjectOne_bsp/\libhal_bsp.a(alt_tick.o)
 .comment       0x00000000       0x27 C:/Users/abschmidt/workspace/ProjectOne_bsp/\libhal_bsp.a(alt_write.o)
 .comment       0x00000000       0x27 C:/Users/abschmidt/workspace/ProjectOne_bsp/\libhal_bsp.a(alt_sys_init.o)
 .comment       0x00000000       0x27 C:/Users/abschmidt/workspace/ProjectOne_bsp/\libhal_bsp.a(altera_avalon_jtag_uart_fd.o)
 .comment       0x00000000       0x27 C:/Users/abschmidt/workspace/ProjectOne_bsp/\libhal_bsp.a(altera_avalon_jtag_uart_init.o)
 .comment       0x00000000       0x27 C:/Users/abschmidt/workspace/ProjectOne_bsp/\libhal_bsp.a(altera_avalon_jtag_uart_ioctl.o)
 .comment       0x00000000       0x27 C:/Users/abschmidt/workspace/ProjectOne_bsp/\libhal_bsp.a(altera_avalon_jtag_uart_read.o)
 .comment       0x00000000       0x27 C:/Users/abschmidt/workspace/ProjectOne_bsp/\libhal_bsp.a(altera_avalon_jtag_uart_write.o)
 .comment       0x00000000       0x27 C:/Users/abschmidt/workspace/ProjectOne_bsp/\libhal_bsp.a(altera_avalon_timer_sc.o)
 .comment       0x00000000       0x27 C:/Users/abschmidt/workspace/ProjectOne_bsp/\libhal_bsp.a(alt_dcache_flush_all.o)
 .comment       0x00000000       0x27 C:/Users/abschmidt/workspace/ProjectOne_bsp/\libhal_bsp.a(alt_dev_llist_insert.o)
 .comment       0x00000000       0x27 C:/Users/abschmidt/workspace/ProjectOne_bsp/\libhal_bsp.a(alt_do_ctors.o)
 .comment       0x00000000       0x27 C:/Users/abschmidt/workspace/ProjectOne_bsp/\libhal_bsp.a(alt_do_dtors.o)
 .comment       0x00000000       0x27 C:/Users/abschmidt/workspace/ProjectOne_bsp/\libhal_bsp.a(alt_icache_flush_all.o)
 .comment       0x00000000       0x27 C:/Users/abschmidt/workspace/ProjectOne_bsp/\libhal_bsp.a(alt_iic.o)
 .comment       0x00000000       0x27 C:/Users/abschmidt/workspace/ProjectOne_bsp/\libhal_bsp.a(alt_iic_isr_register.o)
 .comment       0x00000000       0x27 C:/Users/abschmidt/workspace/ProjectOne_bsp/\libhal_bsp.a(alt_io_redirect.o)
 .comment       0x00000000       0x27 C:/Users/abschmidt/workspace/ProjectOne_bsp/\libhal_bsp.a(alt_irq_handler.o)
 .comment       0x00000000       0x27 C:/Users/abschmidt/workspace/ProjectOne_bsp/\libhal_bsp.a(alt_irq_vars.o)
 .comment       0x00000000       0x27 C:/Users/abschmidt/workspace/ProjectOne_bsp/\libhal_bsp.a(alt_open.o)
 .comment       0x00000000       0x27 C:/Users/abschmidt/workspace/ProjectOne_bsp/\libhal_bsp.a(altera_nios2_irq.o)
 .comment       0x00000000       0x27 C:/Users/abschmidt/workspace/ProjectOne_bsp/\libhal_bsp.a(alt_find_dev.o)
 .comment       0x00000000       0x27 C:/Users/abschmidt/workspace/ProjectOne_bsp/\libhal_bsp.a(alt_find_file.o)
 .comment       0x00000000       0x27 C:/Users/abschmidt/workspace/ProjectOne_bsp/\libhal_bsp.a(alt_get_fd.o)
 .comment       0x00000000       0x27 c:/altera/12.1sp1/nios2eds/bin/gnu/h-i686-mingw32/bin/../lib/gcc/nios2-elf/4.1.2/../../../../nios2-elf/lib/mno-hw-mul\libc.a(lib_a-atexit.o)
 .comment       0x00000000       0x27 c:/altera/12.1sp1/nios2eds/bin/gnu/h-i686-mingw32/bin/../lib/gcc/nios2-elf/4.1.2/../../../../nios2-elf/lib/mno-hw-mul\libc.a(lib_a-exit.o)
 .comment       0x00000000       0x27 c:/altera/12.1sp1/nios2eds/bin/gnu/h-i686-mingw32/bin/../lib/gcc/nios2-elf/4.1.2/../../../../nios2-elf/lib/mno-hw-mul\libc.a(lib_a-memcmp.o)
 .comment       0x00000000       0x27 c:/altera/12.1sp1/nios2eds/bin/gnu/h-i686-mingw32/bin/../lib/gcc/nios2-elf/4.1.2/../../../../nios2-elf/lib/mno-hw-mul\libc.a(lib_a-putc.o)
 .comment       0x00000000       0x27 c:/altera/12.1sp1/nios2eds/bin/gnu/h-i686-mingw32/bin/../lib/gcc/nios2-elf/4.1.2/../../../../nios2-elf/lib/mno-hw-mul\libc.a(lib_a-wbuf.o)
 .comment       0x00000000       0x27 c:/altera/12.1sp1/nios2eds/bin/gnu/h-i686-mingw32/bin/../lib/gcc/nios2-elf/4.1.2/../../../../nios2-elf/lib/mno-hw-mul\libc.a(lib_a-__atexit.o)
 .comment       0x00000000       0x27 c:/altera/12.1sp1/nios2eds/bin/gnu/h-i686-mingw32/bin/../lib/gcc/nios2-elf/4.1.2/../../../../nios2-elf/lib/mno-hw-mul\libc.a(lib_a-__call_atexit.o)
 .comment       0x00000000       0x27 C:/Users/abschmidt/workspace/ProjectOne_bsp/\libhal_bsp.a(alt_exit.o)

.debug
 *(.debug)

.line
 *(.line)

.debug_srcinfo
 *(.debug_srcinfo)

.debug_sfnames
 *(.debug_sfnames)

.debug_aranges  0x00000000      0xd78
 *(.debug_aranges)
 .debug_aranges
                0x00000000       0x28 C:/Users/abschmidt/workspace/ProjectOne_bsp//obj/HAL/src/crt0.o
 .debug_aranges
                0x00000028       0x20 obj/default/alarm_handler.o
 .debug_aranges
                0x00000048       0x20 obj/default/project1.o
 .debug_aranges
                0x00000068       0x20 obj/default/tcb.o
 .debug_aranges
                0x00000088       0x20 obj/default/alt_edit.o
 .debug_aranges
                0x000000a8       0x20 c:/altera/12.1sp1/nios2eds/bin/gnu/h-i686-mingw32/bin/../lib/gcc/nios2-elf/4.1.2/mno-hw-mul\libgcc.a(lib2-divmod.o)
 .debug_aranges
                0x000000c8       0x20 c:/altera/12.1sp1/nios2eds/bin/gnu/h-i686-mingw32/bin/../lib/gcc/nios2-elf/4.1.2/mno-hw-mul\libgcc.a(lib2-mul.o)
 .debug_aranges
                0x000000e8       0x20 c:/altera/12.1sp1/nios2eds/bin/gnu/h-i686-mingw32/bin/../lib/gcc/nios2-elf/4.1.2/../../../../nios2-elf/lib/mno-hw-mul\libc.a(lib_a-malloc.o)
 .debug_aranges
                0x00000108       0x20 c:/altera/12.1sp1/nios2eds/bin/gnu/h-i686-mingw32/bin/../lib/gcc/nios2-elf/4.1.2/../../../../nios2-elf/lib/mno-hw-mul\libc.a(lib_a-mallocr.o)
 .debug_aranges
                0x00000128       0x20 c:/altera/12.1sp1/nios2eds/bin/gnu/h-i686-mingw32/bin/../lib/gcc/nios2-elf/4.1.2/../../../../nios2-elf/lib/mno-hw-mul\libc.a(lib_a-printf.o)
 .debug_aranges
                0x00000148       0x20 c:/altera/12.1sp1/nios2eds/bin/gnu/h-i686-mingw32/bin/../lib/gcc/nios2-elf/4.1.2/../../../../nios2-elf/lib/mno-hw-mul\libc.a(lib_a-puts.o)
 .debug_aranges
                0x00000168       0x20 c:/altera/12.1sp1/nios2eds/bin/gnu/h-i686-mingw32/bin/../lib/gcc/nios2-elf/4.1.2/../../../../nios2-elf/lib/mno-hw-mul\libc.a(lib_a-sbrkr.o)
 .debug_aranges
                0x00000188       0x20 c:/altera/12.1sp1/nios2eds/bin/gnu/h-i686-mingw32/bin/../lib/gcc/nios2-elf/4.1.2/../../../../nios2-elf/lib/mno-hw-mul\libc.a(lib_a-strlen.o)
 .debug_aranges
                0x000001a8       0x20 c:/altera/12.1sp1/nios2eds/bin/gnu/h-i686-mingw32/bin/../lib/gcc/nios2-elf/4.1.2/../../../../nios2-elf/lib/mno-hw-mul\libc.a(lib_a-vfprintf.o)
 .debug_aranges